../Core/Src/encoder.c:14:6:encoder_init	4	static
../Core/Src/encoder.c:19:6:encoder_update	24	static
../Core/Src/encoder.c:44:9:encoder_get_ticks	4	static
../Core/Src/encoder.c:48:9:encoder_get_steps	4	static
../Core/Src/encoder.c:52:6:encoder_set_min	16	static
../Core/Src/encoder.c:58:6:encoder_set_max	16	static
../Core/Src/encoder.c:64:6:encoder_reset_position	8	static
../Core/Src/encoder.c:71:6:encoder_set_cyclic	16	static
../Core/Src/encoder.c:75:6:encoder_set_direction	16	static
../Core/Src/encoder.c:79:6:encoder_button_update	16	static
../Core/Src/encoder.c:103:6:encoder_get_button	8	static
../Core/Src/encoder.c:118:6:encoder_set_step	16	static
