../Core/Src/freertos.c:203:6:MX_FREERTOS_Init	8	static
../Core/Src/freertos.c:300:6:StartDefaultTask	16	static
../Core/Src/freertos.c:318:6:encoder	16	static
../Core/Src/freertos.c:339:6:StateMachine	48	static
../Core/Src/freertos.c:435:6:leds	24	static
../Core/Src/freertos.c:474:6:infoFunc	24	static
../Core/Src/freertos.c:512:6:sensFunc	80	static
../Core/Src/freertos.c:591:6:convFunc	32	static
../Core/Src/freertos.c:660:6:actFunc	72	static
../Core/Src/freertos.c:752:6:mpuFunc	40	static
../Core/Src/freertos.c:843:12:map_value	24	static
../Core/Src/freertos.c:824:6:StartMappingThread	56	static
../Core/Src/freertos.c:870:6:StartDutycycleThread	24	static
../Core/Src/freertos.c:903:6:StartVibratorThread	24	static
../Core/Src/freertos.c:943:6:exitFunc	8	static
