../Core/Src/freertos.c:168:6:MX_FREERTOS_Init	8	static
../Core/Src/freertos.c:249:6:StartDefaultTask	16	static
../Core/Src/freertos.c:267:6:encoder	16	static
../Core/Src/freertos.c:288:6:StateMachine	48	static
../Core/Src/freertos.c:384:6:leds	24	static
../Core/Src/freertos.c:423:6:infoFunc	24	static
../Core/Src/freertos.c:461:6:sensFunc	32	static
../Core/Src/freertos.c:518:6:convFunc	32	static
../Core/Src/freertos.c:589:6:actFunc	48	static
../Core/Src/freertos.c:665:6:mpuFunc	48	static
../Core/Src/freertos.c:733:6:exitFunc	8	static
