Archive member included to satisfy reference by file (symbol)

C:/ST/STM32CubeIDE_1.17.0/STM32CubeIDE/plugins/com.st.stm32cube.ide.mcu.externaltools.gnu-tools-for-stm32.12.3.rel1.win32_1.1.0.202410251130/tools/bin/../lib/gcc/arm-none-eabi/12.3.1/../../../../arm-none-eabi/lib/thumb/v7e-m+fp/hard\libc_nano.a(libc_a-exit.o)
                              C:/ST/STM32CubeIDE_1.17.0/STM32CubeIDE/plugins/com.st.stm32cube.ide.mcu.externaltools.gnu-tools-for-stm32.12.3.rel1.win32_1.1.0.202410251130/tools/bin/../lib/gcc/arm-none-eabi/12.3.1/../../../../arm-none-eabi/lib/thumb/v7e-m+fp/hard/crt0.o (exit)
C:/ST/STM32CubeIDE_1.17.0/STM32CubeIDE/plugins/com.st.stm32cube.ide.mcu.externaltools.gnu-tools-for-stm32.12.3.rel1.win32_1.1.0.202410251130/tools/bin/../lib/gcc/arm-none-eabi/12.3.1/../../../../arm-none-eabi/lib/thumb/v7e-m+fp/hard\libc_nano.a(libc_a-findfp.o)
                              C:/ST/STM32CubeIDE_1.17.0/STM32CubeIDE/plugins/com.st.stm32cube.ide.mcu.externaltools.gnu-tools-for-stm32.12.3.rel1.win32_1.1.0.202410251130/tools/bin/../lib/gcc/arm-none-eabi/12.3.1/../../../../arm-none-eabi/lib/thumb/v7e-m+fp/hard\libc_nano.a(libc_a-exit.o) (__stdio_exit_handler)
C:/ST/STM32CubeIDE_1.17.0/STM32CubeIDE/plugins/com.st.stm32cube.ide.mcu.externaltools.gnu-tools-for-stm32.12.3.rel1.win32_1.1.0.202410251130/tools/bin/../lib/gcc/arm-none-eabi/12.3.1/../../../../arm-none-eabi/lib/thumb/v7e-m+fp/hard\libc_nano.a(libc_a-fwalk.o)
                              C:/ST/STM32CubeIDE_1.17.0/STM32CubeIDE/plugins/com.st.stm32cube.ide.mcu.externaltools.gnu-tools-for-stm32.12.3.rel1.win32_1.1.0.202410251130/tools/bin/../lib/gcc/arm-none-eabi/12.3.1/../../../../arm-none-eabi/lib/thumb/v7e-m+fp/hard\libc_nano.a(libc_a-findfp.o) (_fwalk_sglue)
C:/ST/STM32CubeIDE_1.17.0/STM32CubeIDE/plugins/com.st.stm32cube.ide.mcu.externaltools.gnu-tools-for-stm32.12.3.rel1.win32_1.1.0.202410251130/tools/bin/../lib/gcc/arm-none-eabi/12.3.1/../../../../arm-none-eabi/lib/thumb/v7e-m+fp/hard\libc_nano.a(libc_a-stdio.o)
                              C:/ST/STM32CubeIDE_1.17.0/STM32CubeIDE/plugins/com.st.stm32cube.ide.mcu.externaltools.gnu-tools-for-stm32.12.3.rel1.win32_1.1.0.202410251130/tools/bin/../lib/gcc/arm-none-eabi/12.3.1/../../../../arm-none-eabi/lib/thumb/v7e-m+fp/hard\libc_nano.a(libc_a-findfp.o) (__sread)
C:/ST/STM32CubeIDE_1.17.0/STM32CubeIDE/plugins/com.st.stm32cube.ide.mcu.externaltools.gnu-tools-for-stm32.12.3.rel1.win32_1.1.0.202410251130/tools/bin/../lib/gcc/arm-none-eabi/12.3.1/../../../../arm-none-eabi/lib/thumb/v7e-m+fp/hard\libc_nano.a(libc_a-memset.o)
                              C:/ST/STM32CubeIDE_1.17.0/STM32CubeIDE/plugins/com.st.stm32cube.ide.mcu.externaltools.gnu-tools-for-stm32.12.3.rel1.win32_1.1.0.202410251130/tools/bin/../lib/gcc/arm-none-eabi/12.3.1/../../../../arm-none-eabi/lib/thumb/v7e-m+fp/hard/crt0.o (memset)
C:/ST/STM32CubeIDE_1.17.0/STM32CubeIDE/plugins/com.st.stm32cube.ide.mcu.externaltools.gnu-tools-for-stm32.12.3.rel1.win32_1.1.0.202410251130/tools/bin/../lib/gcc/arm-none-eabi/12.3.1/../../../../arm-none-eabi/lib/thumb/v7e-m+fp/hard\libc_nano.a(libc_a-closer.o)
                              C:/ST/STM32CubeIDE_1.17.0/STM32CubeIDE/plugins/com.st.stm32cube.ide.mcu.externaltools.gnu-tools-for-stm32.12.3.rel1.win32_1.1.0.202410251130/tools/bin/../lib/gcc/arm-none-eabi/12.3.1/../../../../arm-none-eabi/lib/thumb/v7e-m+fp/hard\libc_nano.a(libc_a-stdio.o) (_close_r)
C:/ST/STM32CubeIDE_1.17.0/STM32CubeIDE/plugins/com.st.stm32cube.ide.mcu.externaltools.gnu-tools-for-stm32.12.3.rel1.win32_1.1.0.202410251130/tools/bin/../lib/gcc/arm-none-eabi/12.3.1/../../../../arm-none-eabi/lib/thumb/v7e-m+fp/hard\libc_nano.a(libc_a-reent.o)
                              C:/ST/STM32CubeIDE_1.17.0/STM32CubeIDE/plugins/com.st.stm32cube.ide.mcu.externaltools.gnu-tools-for-stm32.12.3.rel1.win32_1.1.0.202410251130/tools/bin/../lib/gcc/arm-none-eabi/12.3.1/../../../../arm-none-eabi/lib/thumb/v7e-m+fp/hard\libc_nano.a(libc_a-closer.o) (errno)
C:/ST/STM32CubeIDE_1.17.0/STM32CubeIDE/plugins/com.st.stm32cube.ide.mcu.externaltools.gnu-tools-for-stm32.12.3.rel1.win32_1.1.0.202410251130/tools/bin/../lib/gcc/arm-none-eabi/12.3.1/../../../../arm-none-eabi/lib/thumb/v7e-m+fp/hard\libc_nano.a(libc_a-impure.o)
                              C:/ST/STM32CubeIDE_1.17.0/STM32CubeIDE/plugins/com.st.stm32cube.ide.mcu.externaltools.gnu-tools-for-stm32.12.3.rel1.win32_1.1.0.202410251130/tools/bin/../lib/gcc/arm-none-eabi/12.3.1/../../../../arm-none-eabi/lib/thumb/v7e-m+fp/hard\libc_nano.a(libc_a-reent.o) (_impure_ptr)
C:/ST/STM32CubeIDE_1.17.0/STM32CubeIDE/plugins/com.st.stm32cube.ide.mcu.externaltools.gnu-tools-for-stm32.12.3.rel1.win32_1.1.0.202410251130/tools/bin/../lib/gcc/arm-none-eabi/12.3.1/../../../../arm-none-eabi/lib/thumb/v7e-m+fp/hard\libc_nano.a(libc_a-lseekr.o)
[...]
Memory Configuration

Name             Origin             Length             Attributes
RAM              0x20000000         0x00020000         xrw
FLASH            0x08000000         0x00080000         xr
*default*        0x00000000         0xffffffff

Linker script and memory map

LOAD C:/ST/STM32CubeIDE_1.17.0/STM32CubeIDE/plugins/com.st.stm32cube.ide.mcu.externaltools.gnu-tools-for-stm32.12.3.rel1.win32_1.1.0.202410251130/tools/bin/../lib/gcc/arm-none-eabi/12.3.1/thumb/v7e-m+fp/hard/crti.o
LOAD C:/ST/STM32CubeIDE_1.17.0/STM32CubeIDE/plugins/com.st.stm32cube.ide.mcu.externaltools.gnu-tools-for-stm32.12.3.rel1.win32_1.1.0.202410251130/tools/bin/../lib/gcc/arm-none-eabi/12.3.1/thumb/v7e-m+fp/hard/crtbegin.o
LOAD C:/ST/STM32CubeIDE_1.17.0/STM32CubeIDE/plugins/com.st.stm32cube.ide.mcu.externaltools.gnu-tools-for-stm32.12.3.rel1.win32_1.1.0.202410251130/tools/bin/../lib/gcc/arm-none-eabi/12.3.1/../../../../arm-none-eabi/lib/thumb/v7e-m+fp/hard/crt0.o
LOAD ./Core/Src/freertos.o
LOAD ./Core/Src/gpio.o
LOAD ./Core/Src/main.o
LOAD ./Core/Src/stm32f4xx_hal_msp.o
LOAD ./Core/Src/stm32f4xx_it.o
LOAD ./Core/Src/syscalls.o
LOAD ./Core/Src/sysmem.o
LOAD ./Core/Src/system_stm32f4xx.o
LOAD ./Core/Src/usart.o
LOAD ./Core/Src/usb_otg.o
LOAD ./Core/Startup/startup_stm32f446zetx.o
LOAD ./Drivers/STM32F4xx_HAL_Driver/Src/stm32f4xx_hal.o
LOAD ./Drivers/STM32F4xx_HAL_Driver/Src/stm32f4xx_hal_cortex.o
LOAD ./Drivers/STM32F4xx_HAL_Driver/Src/stm32f4xx_hal_dma.o
LOAD ./Drivers/STM32F4xx_HAL_Driver/Src/stm32f4xx_hal_dma_ex.o
LOAD ./Drivers/STM32F4xx_HAL_Driver/Src/stm32f4xx_hal_exti.o
LOAD ./Drivers/STM32F4xx_HAL_Driver/Src/stm32f4xx_hal_flash.o
LOAD ./Drivers/STM32F4xx_HAL_Driver/Src/stm32f4xx_hal_flash_ex.o
LOAD ./Drivers/STM32F4xx_HAL_Driver/Src/stm32f4xx_hal_flash_ramfunc.o
LOAD ./Drivers/STM32F4xx_HAL_Driver/Src/stm32f4xx_hal_gpio.o
LOAD ./Drivers/STM32F4xx_HAL_Driver/Src/stm32f4xx_hal_pcd.o
LOAD ./Drivers/STM32F4xx_HAL_Driver/Src/stm32f4xx_hal_pcd_ex.o
LOAD ./Drivers/STM32F4xx_HAL_Driver/Src/stm32f4xx_hal_pwr.o
LOAD ./Drivers/STM32F4xx_HAL_Driver/Src/stm32f4xx_hal_pwr_ex.o
LOAD ./Drivers/STM32F4xx_HAL_Driver/Src/stm32f4xx_hal_rcc.o
LOAD ./Drivers/STM32F4xx_HAL_Driver/Src/stm32f4xx_hal_rcc_ex.o
LOAD ./Drivers/STM32F4xx_HAL_Driver/Src/stm32f4xx_hal_uart.o
LOAD ./Drivers/STM32F4xx_HAL_Driver/Src/stm32f4xx_ll_usb.o
LOAD ./Middlewares/Third_Party/FreeRTOS/Source/CMSIS_RTOS_V2/cmsis_os2.o
LOAD ./Middlewares/Third_Party/FreeRTOS/Source/croutine.o
LOAD ./Middlewares/Third_Party/FreeRTOS/Source/event_groups.o
LOAD ./Middlewares/Third_Party/FreeRTOS/Source/list.o
LOAD ./Middlewares/Third_Party/FreeRTOS/Source/queue.o
LOAD ./Middlewares/Third_Party/FreeRTOS/Source/stream_buffer.o
LOAD ./Middlewares/Third_Party/FreeRTOS/Source/tasks.o
LOAD ./Middlewares/Third_Party/FreeRTOS/Source/timers.o
LOAD ./Middlewares/Third_Party/FreeRTOS/Source/portable/GCC/ARM_CM4F/port.o
LOAD ./Middlewares/Third_Party/FreeRTOS/Source/portable/MemMang/heap_4.o
START GROUP
LOAD C:/ST/STM32CubeIDE_1.17.0/STM32CubeIDE/plugins/com.st.stm32cube.ide.mcu.externaltools.gnu-tools-for-stm32.12.3.rel1.win32_1.1.0.202410251130/tools/bin/../lib/gcc/arm-none-eabi/12.3.1/../../../../arm-none-eabi/lib/thumb/v7e-m+fp/hard\libc_nano.a
LOAD C:/ST/STM32CubeIDE_1.17.0/STM32CubeIDE/plugins/com.st.stm32cube.ide.mcu.externaltools.gnu-tools-for-stm32.12.3.rel1.win32_1.1.0.202410251130/tools/bin/../lib/gcc/arm-none-eabi/12.3.1/../../../../arm-none-eabi/lib/thumb/v7e-m+fp/hard\libm.a
END GROUP
START GROUP
LOAD C:/ST/STM32CubeIDE_1.17.0/STM32CubeIDE/plugins/com.st.stm32cube.ide.mcu.externaltools.gnu-tools-for-stm32.12.3.rel1.win32_1.1.0.202410251130/tools/bin/../lib/gcc/arm-none-eabi/12.3.1/thumb/v7e-m+fp/hard\libgcc.a
LOAD C:/ST/STM32CubeIDE_1.17.0/STM32CubeIDE/plugins/com.st.stm32cube.ide.mcu.externaltools.gnu-tools-for-stm32.12.3.rel1.win32_1.1.0.202410251130/tools/bin/../lib/gcc/arm-none-eabi/12.3.1/../../../../arm-none-eabi/lib/thumb/v7e-m+fp/hard\libc_nano.a
END GROUP
START GROUP
LOAD C:/ST/STM32CubeIDE_1.17.0/STM32CubeIDE/plugins/com.st.stm32cube.ide.mcu.externaltools.gnu-tools-for-stm32.12.3.rel1.win32_1.1.0.202410251130/tools/bin/../lib/gcc/arm-none-eabi/12.3.1/thumb/v7e-m+fp/hard\libgcc.a
LOAD C:/ST/STM32CubeIDE_1.17.0/STM32CubeIDE/plugins/com.st.stm32cube.ide.mcu.externaltools.gnu-tools-for-stm32.12.3.rel1.win32_1.1.0.202410251130/tools/bin/../lib/gcc/arm-none-eabi/12.3.1/../../../../arm-none-eabi/lib/thumb/v7e-m+fp/hard\libc_nano.a
LOAD C:/ST/STM32CubeIDE_1.17.0/STM32CubeIDE/plugins/com.st.stm32cube.ide.mcu.externaltools.gnu-tools-for-stm32.12.3.rel1.win32_1.1.0.202410251130/tools/bin/../lib/gcc/arm-none-eabi/12.3.1/../../../../arm-none-eabi/lib/thumb/v7e-m+fp/hard\libnosys.a
END GROUP
START GROUP
LOAD C:/ST/STM32CubeIDE_1.17.0/STM32CubeIDE/plugins/com.st.stm32cube.ide.mcu.externaltools.gnu-tools-for-stm32.12.3.rel1.win32_1.1.0.202410251130/tools/bin/../lib/gcc/arm-none-eabi/12.3.1/thumb/v7e-m+fp/hard\libgcc.a
LOAD C:/ST/STM32CubeIDE_1.17.0/STM32CubeIDE/plugins/com.st.stm32cube.ide.mcu.externaltools.gnu-tools-for-stm32.12.3.rel1.win32_1.1.0.202410251130/tools/bin/../lib/gcc/arm-none-eabi/12.3.1/../../../../arm-none-eabi/lib/thumb/v7e-m+fp/hard\libc_nano.a
LOAD C:/ST/STM32CubeIDE_1.17.0/STM32CubeIDE/plugins/com.st.stm32cube.ide.mcu.externaltools.gnu-tools-for-stm32.12.3.rel1.win32_1.1.0.202410251130/tools/bin/../lib/gcc/arm-none-eabi/12.3.1/../../../../arm-none-eabi/lib/thumb/v7e-m+fp/hard\libnosys.a
END GROUP
LOAD C:/ST/STM32CubeIDE_1.17.0/STM32CubeIDE/plugins/com.st.stm32cube.ide.mcu.externaltools.gnu-tools-for-stm32.12.3.rel1.win32_1.1.0.202410251130/tools/bin/../lib/gcc/arm-none-eabi/12.3.1/thumb/v7e-m+fp/hard/crtend.o
LOAD C:/ST/STM32CubeIDE_1.17.0/STM32CubeIDE/plugins/com.st.stm32cube.ide.mcu.externaltools.gnu-tools-for-stm32.12.3.rel1.win32_1.1.0.202410251130/tools/bin/../lib/gcc/arm-none-eabi/12.3.1/thumb/v7e-m+fp/hard/crtn.o
                0x20020000                        _estack = (ORIGIN (RAM) + LENGTH (RAM))
                0x00000200                        _Min_Heap_Size = 0x200
                0x00000400                        _Min_Stack_Size = 0x400

.isr_vector     0x08000000      0x1c4
                0x08000000                        . = ALIGN (0x4)
 *(.isr_vector)
 .isr_vector    0x08000000      0x1c4 ./Core/Startup/startup_stm32f446zetx.o
                0x08000000                g_pfnVectors
                0x080001c4                        . = ALIGN (0x4)

.text           0x080001d0     0x67c4
                0x080001d0                        . = ALIGN (0x4)
 *(.text)
 .text          0x080001d0       0x40 C:/ST/STM32CubeIDE_1.17.0/STM32CubeIDE/plugins/com.st.stm32cube.ide.mcu.externaltools.gnu-tools-for-stm32.12.3.rel1.win32_1.1.0.202410251130/tools/bin/../lib/gcc/arm-none-eabi/12.3.1/thumb/v7e-m+fp/hard/crtbegin.o
 .text          0x08000210       0x10 C:/ST/STM32CubeIDE_1.17.0/STM32CubeIDE/plugins/com.st.stm32cube.ide.mcu.externaltools.gnu-tools-for-stm32.12.3.rel1.win32_1.1.0.202410251130/tools/bin/../lib/gcc/arm-none-eabi/12.3.1/../../../../arm-none-eabi/lib/thumb/v7e-m+fp/hard\libc_nano.a(libc_a-strlen.o)
                0x08000210                strlen
 .text          0x08000220       0x30 C:/ST/STM32CubeIDE_1.17.0/STM32CubeIDE/plugins/com.st.stm32cube.ide.mcu.externaltools.gnu-tools-for-stm32.12.3.rel1.win32_1.1.0.202410251130/tools/bin/../lib/gcc/arm-none-eabi/12.3.1/thumb/v7e-m+fp/hard\libgcc.a(_aeabi_uldivmod.o)
                0x08000220                __aeabi_uldivmod
 .text          0x08000250      0x2bc C:/ST/STM32CubeIDE_1.17.0/STM32CubeIDE/plugins/com.st.stm32cube.ide.mcu.externaltools.gnu-tools-for-stm32.12.3.rel1.win32_1.1.0.202410251130/tools/bin/../lib/gcc/arm-none-eabi/12.3.1/thumb/v7e-m+fp/hard\libgcc.a(_udivmoddi4.o)
                0x08000250                __udivmoddi4
 .text          0x0800050c        0x4 C:/ST/STM32CubeIDE_1.17.0/STM32CubeIDE/plugins/com.st.stm32cube.ide.mcu.externaltools.gnu-tools-for-stm32.12.3.rel1.win32_1.1.0.202410251130/tools/bin/../lib/gcc/arm-none-eabi/12.3.1/thumb/v7e-m+fp/hard\libgcc.a(_dvmd_tls.o)
                0x0800050c                __aeabi_idiv0
                0x0800050c                __aeabi_ldiv0
 *(.text*)
 .text.MX_FREERTOS_Init
                0x08000510       0x70 ./Core/Src/freertos.o
                0x08000510                MX_FREERTOS_Init
 .text.StartDefaultTask
                0x08000580       0x10 ./Core/Src/freertos.o
                0x08000580                StartDefaultTask
 .text.announceOscars
                0x08000590       0x68 ./Core/Src/freertos.o
                0x08000590                announceOscars
 .text.winnerAnnounce
                0x080005f8       0x98 ./Core/Src/freertos.o
                0x080005f8                winnerAnnounce
 .text.MX_GPIO_Init
                0x08000690      0x15c ./Core/Src/gpio.o
                0x08000690                MX_GPIO_Init
 .text.main     0x080007ec       0x28 ./Core/Src/main.o
                0x080007ec                main
 .text.SystemClock_Config
                0x08000814       0xd8 ./Core/Src/main.o
                0x08000814                SystemClock_Config
 .text.Error_Handler
                0x080008ec        0xc ./Core/Src/main.o
                0x080008ec                Error_Handler
 .text.HAL_MspInit
                0x080008f8       0x58 ./Core/Src/stm32f4xx_hal_msp.o
                0x080008f8                HAL_MspInit
 .text.NMI_Handler
                0x08000950        0x8 ./Core/Src/stm32f4xx_it.o
                0x08000950                NMI_Handler
 .text.HardFault_Handler
                0x08000958        0x8 ./Core/Src/stm32f4xx_it.o
                0x08000958                HardFault_Handler
 .text.MemManage_Handler
                0x08000960        0x8 ./Core/Src/stm32f4xx_it.o
                0x08000960                MemManage_Handler
 .text.BusFault_Handler
                0x08000968        0x8 ./Core/Src/stm32f4xx_it.o
                0x08000968                BusFault_Handler
 .text.UsageFault_Handler
                0x08000970        0x8 ./Core/Src/stm32f4xx_it.o
                0x08000970                UsageFault_Handler
 .text.DebugMon_Handler
                0x08000978        0xe ./Core/Src/stm32f4xx_it.o
                0x08000978                DebugMon_Handler
 .text.SysTick_Handler
                0x08000986       0x1a ./Core/Src/stm32f4xx_it.o
                0x08000986                SysTick_Handler
 .text.SystemInit
                0x080009a0       0x24 ./Core/Src/system_stm32f4xx.o
                0x080009a0                SystemInit
 .text.MX_USART3_UART_Init
                0x080009c4       0x54 ./Core/Src/usart.o
                0x080009c4                MX_USART3_UART_Init
 .text.HAL_UART_MspInit
                0x08000a18       0x90 ./Core/Src/usart.o
                0x08000a18                HAL_UART_MspInit
 .text.MX_USB_OTG_FS_PCD_Init
                0x08000aa8       0x5c ./Core/Src/usb_otg.o
                0x08000aa8                MX_USB_OTG_FS_PCD_Init
 .text.HAL_PCD_MspInit
                0x08000b04       0xe0 ./Core/Src/usb_otg.o
                0x08000b04                HAL_PCD_MspInit
 .text.Reset_Handler
                0x08000be4       0x50 ./Core/Startup/startup_stm32f446zetx.o
                0x08000be4                Reset_Handler
 .text.Default_Handler
                0x08000c34        0x2 ./Core/Startup/startup_stm32f446zetx.o
                0x08000c34                RTC_Alarm_IRQHandler
                0x08000c34                EXTI2_IRQHandler
                0x08000c34                TIM8_CC_IRQHandler
                0x08000c34                FMPI2C1_EV_IRQHandler
                0x08000c34                SPI4_IRQHandler
                0x08000c34                TIM1_CC_IRQHandler
                0x08000c34                DMA2_Stream5_IRQHandler
                0x08000c34                DMA1_Stream5_IRQHandler
                0x08000c34                PVD_IRQHandler
                0x08000c34                SDIO_IRQHandler
                0x08000c34                TAMP_STAMP_IRQHandler
                0x08000c34                CAN2_RX1_IRQHandler
                0x08000c34                EXTI3_IRQHandler
                0x08000c34                TIM8_TRG_COM_TIM14_IRQHandler
                0x08000c34                TIM1_UP_TIM10_IRQHandler
                0x08000c34                TIM8_UP_TIM13_IRQHandler
                0x08000c34                I2C3_ER_IRQHandler
                0x08000c34                EXTI0_IRQHandler
                0x08000c34                I2C2_EV_IRQHandler
                0x08000c34                DMA1_Stream2_IRQHandler
                0x08000c34                CAN1_RX0_IRQHandler
                0x08000c34                FPU_IRQHandler
                0x08000c34                OTG_HS_WKUP_IRQHandler
                0x08000c34                CAN2_SCE_IRQHandler
                0x08000c34                DMA2_Stream2_IRQHandler
                0x08000c34                SPI1_IRQHandler
                0x08000c34                TIM6_DAC_IRQHandler
                0x08000c34                TIM1_BRK_TIM9_IRQHandler
                0x08000c34                DCMI_IRQHandler
                0x08000c34                CAN2_RX0_IRQHandler
                0x08000c34                DMA2_Stream3_IRQHandler
                0x08000c34                SAI2_IRQHandler
                0x08000c34                USART6_IRQHandler
                0x08000c34                USART3_IRQHandler
                0x08000c34                CAN1_RX1_IRQHandler
                0x08000c34                UART5_IRQHandler
                0x08000c34                DMA2_Stream0_IRQHandler
                0x08000c34                TIM4_IRQHandler
                0x08000c34                QUADSPI_IRQHandler
                0x08000c34                I2C1_EV_IRQHandler
                0x08000c34                DMA1_Stream6_IRQHandler
                0x08000c34                DMA1_Stream1_IRQHandler
                0x08000c34                UART4_IRQHandler
                0x08000c34                TIM3_IRQHandler
                0x08000c34                RCC_IRQHandler
                0x08000c34                TIM8_BRK_TIM12_IRQHandler
                0x08000c34                Default_Handler
                0x08000c34                CEC_IRQHandler
                0x08000c34                EXTI15_10_IRQHandler
                0x08000c34                ADC_IRQHandler
                0x08000c34                DMA1_Stream7_IRQHandler
                0x08000c34                TIM7_IRQHandler
                0x08000c34                CAN2_TX_IRQHandler
                0x08000c34                TIM5_IRQHandler
                0x08000c34                DMA2_Stream7_IRQHandler
                0x08000c34                I2C3_EV_IRQHandler
                0x08000c34                EXTI9_5_IRQHandler
                0x08000c34                RTC_WKUP_IRQHandler
                0x08000c34                SPDIF_RX_IRQHandler
                0x08000c34                SPI2_IRQHandler
                0x08000c34                OTG_HS_EP1_IN_IRQHandler
                0x08000c34                DMA1_Stream0_IRQHandler
                0x08000c34                CAN1_TX_IRQHandler
                0x08000c34                FMPI2C1_ER_IRQHandler
                0x08000c34                EXTI4_IRQHandler
                0x08000c34                OTG_HS_EP1_OUT_IRQHandler
                0x08000c34                WWDG_IRQHandler
                0x08000c34                TIM2_IRQHandler
                0x08000c34                OTG_FS_WKUP_IRQHandler
                0x08000c34                TIM1_TRG_COM_TIM11_IRQHandler
                0x08000c34                OTG_HS_IRQHandler
                0x08000c34                EXTI1_IRQHandler
                0x08000c34                USART2_IRQHandler
                0x08000c34                I2C2_ER_IRQHandler
                0x08000c34                DMA2_Stream1_IRQHandler
                0x08000c34                CAN1_SCE_IRQHandler
                0x08000c34                FLASH_IRQHandler
                0x08000c34                DMA2_Stream4_IRQHandler
                0x08000c34                USART1_IRQHandler
                0x08000c34                OTG_FS_IRQHandler
                0x08000c34                SPI3_IRQHandler
                0x08000c34                DMA1_Stream4_IRQHandler
                0x08000c34                I2C1_ER_IRQHandler
                0x08000c34                FMC_IRQHandler
                0x08000c34                DMA2_Stream6_IRQHandler
                0x08000c34                SAI1_IRQHandler
                0x08000c34                DMA1_Stream3_IRQHandler
 *fill*         0x08000c36        0x2 
 .text.HAL_Init
                0x08000c38       0x44 ./Drivers/STM32F4xx_HAL_Driver/Src/stm32f4xx_hal.o
                0x08000c38                HAL_Init
 .text.HAL_InitTick
                0x08000c7c       0x60 ./Drivers/STM32F4xx_HAL_Driver/Src/stm32f4xx_hal.o
                0x08000c7c                HAL_InitTick
 .text.HAL_IncTick
                0x08000cdc       0x28 ./Drivers/STM32F4xx_HAL_Driver/Src/stm32f4xx_hal.o
                0x08000cdc                HAL_IncTick
 .text.HAL_GetTick
                0x08000d04       0x18 ./Drivers/STM32F4xx_HAL_Driver/Src/stm32f4xx_hal.o
                0x08000d04                HAL_GetTick
 .text.HAL_Delay
                0x08000d1c       0x48 ./Drivers/STM32F4xx_HAL_Driver/Src/stm32f4xx_hal.o
                0x08000d1c                HAL_Delay
 .text.__NVIC_SetPriorityGrouping
                0x08000d64       0x48 ./Drivers/STM32F4xx_HAL_Driver/Src/stm32f4xx_hal_cortex.o
 .text.__NVIC_GetPriorityGrouping
                0x08000dac       0x1c ./Drivers/STM32F4xx_HAL_Driver/Src/stm32f4xx_hal_cortex.o
 .text.__NVIC_SetPriority
                0x08000dc8       0x54 ./Drivers/STM32F4xx_HAL_Driver/Src/stm32f4xx_hal_cortex.o
 .text.NVIC_EncodePriority
                0x08000e1c       0x66 ./Drivers/STM32F4xx_HAL_Driver/Src/stm32f4xx_hal_cortex.o
 *fill*         0x08000e82        0x2 
 .text.SysTick_Config
                0x08000e84       0x44 ./Drivers/STM32F4xx_HAL_Driver/Src/stm32f4xx_hal_cortex.o
 .text.HAL_NVIC_SetPriorityGrouping
                0x08000ec8       0x16 ./Drivers/STM32F4xx_HAL_Driver/Src/stm32f4xx_hal_cortex.o
                0x08000ec8                HAL_NVIC_SetPriorityGrouping
 .text.HAL_NVIC_SetPriority
                0x08000ede       0x38 ./Drivers/STM32F4xx_HAL_Driver/Src/stm32f4xx_hal_cortex.o
                0x08000ede                HAL_NVIC_SetPriority
 .text.HAL_SYSTICK_Config
                0x08000f16       0x18 ./Drivers/STM32F4xx_HAL_Driver/Src/stm32f4xx_hal_cortex.o
                0x08000f16                HAL_SYSTICK_Config
 *fill*         0x08000f2e        0x2 
 .text.HAL_GPIO_Init
                0x08000f30      0x328 ./Drivers/STM32F4xx_HAL_Driver/Src/stm32f4xx_hal_gpio.o
                0x08000f30                HAL_GPIO_Init
 .text.HAL_GPIO_WritePin
                0x08001258       0x32 ./Drivers/STM32F4xx_HAL_Driver/Src/stm32f4xx_hal_gpio.o
                0x08001258                HAL_GPIO_WritePin
 .text.HAL_PCD_Init
                0x0800128a      0x22c ./Drivers/STM32F4xx_HAL_Driver/Src/stm32f4xx_hal_pcd.o
                0x0800128a                HAL_PCD_Init
 .text.HAL_PCDEx_ActivateLPM
                0x080014b6       0x48 ./Drivers/STM32F4xx_HAL_Driver/Src/stm32f4xx_hal_pcd_ex.o
                0x080014b6                HAL_PCDEx_ActivateLPM
 *fill*         0x080014fe        0x2 
 .text.HAL_RCC_ClockConfig
                0x08001500      0x1cc ./Drivers/STM32F4xx_HAL_Driver/Src/stm32f4xx_hal_rcc.o
                0x08001500                HAL_RCC_ClockConfig
 .text.HAL_RCC_GetHCLKFreq
                0x080016cc       0x18 ./Drivers/STM32F4xx_HAL_Driver/Src/stm32f4xx_hal_rcc.o
                0x080016cc                HAL_RCC_GetHCLKFreq
 .text.HAL_RCC_GetPCLK1Freq
                0x080016e4       0x28 ./Drivers/STM32F4xx_HAL_Driver/Src/stm32f4xx_hal_rcc.o
                0x080016e4                HAL_RCC_GetPCLK1Freq
 .text.HAL_RCC_GetPCLK2Freq
                0x0800170c       0x28 ./Drivers/STM32F4xx_HAL_Driver/Src/stm32f4xx_hal_rcc.o
                0x0800170c                HAL_RCC_GetPCLK2Freq
 .text.HAL_RCCEx_PeriphCLKConfig
                0x08001734      0x654 ./Drivers/STM32F4xx_HAL_Driver/Src/stm32f4xx_hal_rcc_ex.o
                0x08001734                HAL_RCCEx_PeriphCLKConfig
 .text.HAL_RCC_GetSysClockFreq
                0x08001d88      0x460 ./Drivers/STM32F4xx_HAL_Driver/Src/stm32f4xx_hal_rcc_ex.o
                0x08001d88                HAL_RCC_GetSysClockFreq
 .text.HAL_RCC_OscConfig
                0x080021e8      0x53c ./Drivers/STM32F4xx_HAL_Driver/Src/stm32f4xx_hal_rcc_ex.o
                0x080021e8                HAL_RCC_OscConfig
 .text.HAL_UART_Init
                0x08002724       0xa0 ./Drivers/STM32F4xx_HAL_Driver/Src/stm32f4xx_hal_uart.o
                0x08002724                HAL_UART_Init
 .text.HAL_UART_Transmit
                0x080027c4      0x116 ./Drivers/STM32F4xx_HAL_Driver/Src/stm32f4xx_hal_uart.o
                0x080027c4                HAL_UART_Transmit
 .text.UART_WaitOnFlagUntilTimeout
                0x080028da       0xb2 ./Drivers/STM32F4xx_HAL_Driver/Src/stm32f4xx_hal_uart.o
 .text.UART_EndRxTransfer
                0x0800298c       0xc6 ./Drivers/STM32F4xx_HAL_Driver/Src/stm32f4xx_hal_uart.o
 *fill*         0x08002a52        0x2 
 .text.UART_SetConfig
                0x08002a54      0x4e8 ./Drivers/STM32F4xx_HAL_Driver/Src/stm32f4xx_hal_uart.o
 .text.USB_CoreInit
                0x08002f3c       0xc8 ./Drivers/STM32F4xx_HAL_Driver/Src/stm32f4xx_ll_usb.o
                0x08002f3c                USB_CoreInit
 .text.USB_DisableGlobalInt
                0x08003004       0x22 ./Drivers/STM32F4xx_HAL_Driver/Src/stm32f4xx_ll_usb.o
                0x08003004                USB_DisableGlobalInt
 .text.USB_SetCurrentMode
                0x08003026       0x98 ./Drivers/STM32F4xx_HAL_Driver/Src/stm32f4xx_ll_usb.o
                0x08003026                USB_SetCurrentMode
 *fill*         0x080030be        0x2 
 .text.USB_DevInit
                0x080030c0      0x2bc ./Drivers/STM32F4xx_HAL_Driver/Src/stm32f4xx_ll_usb.o
                0x080030c0                USB_DevInit
 .text.USB_FlushTxFifo
                0x0800337c       0x64 ./Drivers/STM32F4xx_HAL_Driver/Src/stm32f4xx_ll_usb.o
                0x0800337c                USB_FlushTxFifo
 .text.USB_FlushRxFifo
                0x080033e0       0x5c ./Drivers/STM32F4xx_HAL_Driver/Src/stm32f4xx_ll_usb.o
                0x080033e0                USB_FlushRxFifo
 .text.USB_SetDevSpeed
                0x0800343c       0x32 ./Drivers/STM32F4xx_HAL_Driver/Src/stm32f4xx_ll_usb.o
                0x0800343c                USB_SetDevSpeed
 .text.USB_DevDisconnect
                0x0800346e       0x42 ./Drivers/STM32F4xx_HAL_Driver/Src/stm32f4xx_ll_usb.o
                0x0800346e                USB_DevDisconnect
 .text.USB_GetMode
                0x080034b0       0x1c ./Drivers/STM32F4xx_HAL_Driver/Src/stm32f4xx_ll_usb.o
                0x080034b0                USB_GetMode
 .text.USB_CoreReset
                0x080034cc       0x62 ./Drivers/STM32F4xx_HAL_Driver/Src/stm32f4xx_ll_usb.o
 *fill*         0x0800352e        0x2 
 .text.__NVIC_SetPriority
                0x08003530       0x54 ./Middlewares/Third_Party/FreeRTOS/Source/CMSIS_RTOS_V2/cmsis_os2.o
 .text.SVC_Setup
                0x08003584       0x12 ./Middlewares/Third_Party/FreeRTOS/Source/CMSIS_RTOS_V2/cmsis_os2.o
 *fill*         0x08003596        0x2 
 .text.osKernelInitialize
                0x08003598       0x48 ./Middlewares/Third_Party/FreeRTOS/Source/CMSIS_RTOS_V2/cmsis_os2.o
                0x08003598                osKernelInitialize
 .text.osKernelStart
                0x080035e0       0x4c ./Middlewares/Third_Party/FreeRTOS/Source/CMSIS_RTOS_V2/cmsis_os2.o
                0x080035e0                osKernelStart
 .text.osThreadNew
                0x0800362c      0x124 ./Middlewares/Third_Party/FreeRTOS/Source/CMSIS_RTOS_V2/cmsis_os2.o
                0x0800362c                osThreadNew
 .text.osDelay  0x08003750       0x36 ./Middlewares/Third_Party/FreeRTOS/Source/CMSIS_RTOS_V2/cmsis_os2.o
                0x08003750                osDelay
 .text.osMutexNew
                0x08003786      0x10c ./Middlewares/Third_Party/FreeRTOS/Source/CMSIS_RTOS_V2/cmsis_os2.o
                0x08003786                osMutexNew
 .text.osMutexAcquire
                0x08003892       0x96 ./Middlewares/Third_Party/FreeRTOS/Source/CMSIS_RTOS_V2/cmsis_os2.o
                0x08003892                osMutexAcquire
 .text.osMutexRelease
                0x08003928       0x7a ./Middlewares/Third_Party/FreeRTOS/Source/CMSIS_RTOS_V2/cmsis_os2.o
                0x08003928                osMutexRelease
 *fill*         0x080039a2        0x2 
 .text.vApplicationGetIdleTaskMemory
                0x080039a4       0x34 ./Middlewares/Third_Party/FreeRTOS/Source/CMSIS_RTOS_V2/cmsis_os2.o
                0x080039a4                vApplicationGetIdleTaskMemory
 .text.vApplicationGetTimerTaskMemory
                0x080039d8       0x34 ./Middlewares/Third_Party/FreeRTOS/Source/CMSIS_RTOS_V2/cmsis_os2.o
                0x080039d8                vApplicationGetTimerTaskMemory
 .text.vListInitialise
                0x08003a0c       0x40 ./Middlewares/Third_Party/FreeRTOS/Source/list.o
                0x08003a0c                vListInitialise
 .text.vListInitialiseItem
                0x08003a4c       0x1a ./Middlewares/Third_Party/FreeRTOS/Source/list.o
                0x08003a4c                vListInitialiseItem
 .text.vListInsertEnd
                0x08003a66       0x48 ./Middlewares/Third_Party/FreeRTOS/Source/list.o
                0x08003a66                vListInsertEnd
 .text.vListInsert
                0x08003aae       0x72 ./Middlewares/Third_Party/FreeRTOS/Source/list.o
                0x08003aae                vListInsert
 .text.uxListRemove
                0x08003b20       0x54 ./Middlewares/Third_Party/FreeRTOS/Source/list.o
                0x08003b20                uxListRemove
 .text.xQueueGenericReset
                0x08003b74       0xd4 ./Middlewares/Third_Party/FreeRTOS/Source/queue.o
                0x08003b74                xQueueGenericReset
 .text.xQueueGenericCreateStatic
                0x08003c48       0xfa ./Middlewares/Third_Party/FreeRTOS/Source/queue.o
                0x08003c48                xQueueGenericCreateStatic
 .text.xQueueGenericCreate
                0x08003d42       0x76 ./Middlewares/Third_Party/FreeRTOS/Source/queue.o
                0x08003d42                xQueueGenericCreate
 .text.prvInitialiseNewQueue
                0x08003db8       0x46 ./Middlewares/Third_Party/FreeRTOS/Source/queue.o
 .text.prvInitialiseMutex
                0x08003dfe       0x34 ./Middlewares/Third_Party/FreeRTOS/Source/queue.o
 .text.xQueueCreateMutex
                0x08003e32       0x30 ./Middlewares/Third_Party/FreeRTOS/Source/queue.o
                0x08003e32                xQueueCreateMutex
 .text.xQueueCreateMutexStatic
                0x08003e62       0x36 ./Middlewares/Third_Party/FreeRTOS/Source/queue.o
                0x08003e62                xQueueCreateMutexStatic
 .text.xQueueGiveMutexRecursive
                0x08003e98       0x6a ./Middlewares/Third_Party/FreeRTOS/Source/queue.o
                0x08003e98                xQueueGiveMutexRecursive
 .text.xQueueTakeMutexRecursive
                0x08003f02       0x6e ./Middlewares/Third_Party/FreeRTOS/Source/queue.o
                0x08003f02                xQueueTakeMutexRecursive
 .text.xQueueGenericSend
                0x08003f70      0x204 ./Middlewares/Third_Party/FreeRTOS/Source/queue.o
                0x08003f70                xQueueGenericSend
 .text.xQueueGenericSendFromISR
                0x08004174      0x13c ./Middlewares/Third_Party/FreeRTOS/Source/queue.o
                0x08004174                xQueueGenericSendFromISR
 .text.xQueueReceive
                0x080042b0      0x1c4 ./Middlewares/Third_Party/FreeRTOS/Source/queue.o
                0x080042b0                xQueueReceive
 .text.xQueueSemaphoreTake
                0x08004474      0x220 ./Middlewares/Third_Party/FreeRTOS/Source/queue.o
                0x08004474                xQueueSemaphoreTake
 .text.prvGetDisinheritPriorityAfterTimeout
                0x08004694       0x30 ./Middlewares/Third_Party/FreeRTOS/Source/queue.o
 .text.prvCopyDataToQueue
                0x080046c4       0xd4 ./Middlewares/Third_Party/FreeRTOS/Source/queue.o
 .text.prvCopyDataFromQueue
                0x08004798       0x4c ./Middlewares/Third_Party/FreeRTOS/Source/queue.o
 .text.prvUnlockQueue
                0x080047e4       0xa4 ./Middlewares/Third_Party/FreeRTOS/Source/queue.o
 .text.prvIsQueueEmpty
                0x08004888       0x2c ./Middlewares/Third_Party/FreeRTOS/Source/queue.o
 .text.prvIsQueueFull
                0x080048b4       0x30 ./Middlewares/Third_Party/FreeRTOS/Source/queue.o
 .text.vQueueAddToRegistry
                0x080048e4       0x54 ./Middlewares/Third_Party/FreeRTOS/Source/queue.o
                0x080048e4                vQueueAddToRegistry
 .text.vQueueWaitForMessageRestricted
                0x08004938       0x68 ./Middlewares/Third_Party/FreeRTOS/Source/queue.o
                0x08004938                vQueueWaitForMessageRestricted
 .text.xTaskCreateStatic
                0x080049a0       0xc0 ./Middlewares/Third_Party/FreeRTOS/Source/tasks.o
                0x080049a0                xTaskCreateStatic
 .text.xTaskCreate
                0x08004a60       0x8a ./Middlewares/Third_Party/FreeRTOS/Source/tasks.o
                0x08004a60                xTaskCreate
 .text.prvInitialiseNewTask
                0x08004aea      0x120 ./Middlewares/Third_Party/FreeRTOS/Source/tasks.o
 *fill*         0x08004c0a        0x2 
 .text.prvAddNewTaskToReadyList
                0x08004c0c       0xe0 ./Middlewares/Third_Party/FreeRTOS/Source/tasks.o
 .text.vTaskDelay
                0x08004cec       0x6c ./Middlewares/Third_Party/FreeRTOS/Source/tasks.o
                0x08004cec                vTaskDelay
 .text.vTaskStartScheduler
                0x08004d58       0xd0 ./Middlewares/Third_Party/FreeRTOS/Source/tasks.o
                0x08004d58                vTaskStartScheduler
 .text.vTaskSuspendAll
                0x08004e28       0x1c ./Middlewares/Third_Party/FreeRTOS/Source/tasks.o
                0x08004e28                vTaskSuspendAll
 .text.xTaskResumeAll
                0x08004e44      0x13c ./Middlewares/Third_Party/FreeRTOS/Source/tasks.o
                0x08004e44                xTaskResumeAll
 .text.xTaskGetTickCount
                0x08004f80       0x20 ./Middlewares/Third_Party/FreeRTOS/Source/tasks.o
                0x08004f80                xTaskGetTickCount
 .text.xTaskIncrementTick
                0x08004fa0      0x174 ./Middlewares/Third_Party/FreeRTOS/Source/tasks.o
                0x08004fa0                xTaskIncrementTick
 .text.vTaskSwitchContext
                0x08005114       0xbc ./Middlewares/Third_Party/FreeRTOS/Source/tasks.o
                0x08005114                vTaskSwitchContext
 .text.vTaskPlaceOnEventList
                0x080051d0       0x4c ./Middlewares/Third_Party/FreeRTOS/Source/tasks.o
                0x080051d0                vTaskPlaceOnEventList
 .text.vTaskPlaceOnEventListRestricted
                0x0800521c       0x58 ./Middlewares/Third_Party/FreeRTOS/Source/tasks.o
                0x0800521c                vTaskPlaceOnEventListRestricted
 .text.xTaskRemoveFromEventList
                0x08005274       0xc8 ./Middlewares/Third_Party/FreeRTOS/Source/tasks.o
                0x08005274                xTaskRemoveFromEventList
 .text.vTaskInternalSetTimeOutState
                0x0800533c       0x2c ./Middlewares/Third_Party/FreeRTOS/Source/tasks.o
                0x0800533c                vTaskInternalSetTimeOutState
 .text.xTaskCheckForTimeOut
                0x08005368       0xc8 ./Middlewares/Third_Party/FreeRTOS/Source/tasks.o
                0x08005368                xTaskCheckForTimeOut
 .text.vTaskMissedYield
                0x08005430       0x18 ./Middlewares/Third_Party/FreeRTOS/Source/tasks.o
                0x08005430                vTaskMissedYield
 .text.prvIdleTask
                0x08005448       0x30 ./Middlewares/Third_Party/FreeRTOS/Source/tasks.o
 .text.prvInitialiseTaskLists
                0x08005478       0x80 ./Middlewares/Third_Party/FreeRTOS/Source/tasks.o
 .text.prvCheckTasksWaitingTermination
                0x080054f8       0x5c ./Middlewares/Third_Party/FreeRTOS/Source/tasks.o
 .text.prvDeleteTCB
                0x08005554       0x60 ./Middlewares/Third_Party/FreeRTOS/Source/tasks.o
 .text.prvResetNextTaskUnblockTime
                0x080055b4       0x40 ./Middlewares/Third_Party/FreeRTOS/Source/tasks.o
 .text.xTaskGetCurrentTaskHandle
                0x080055f4       0x20 ./Middlewares/Third_Party/FreeRTOS/Source/tasks.o
                0x080055f4                xTaskGetCurrentTaskHandle
 .text.xTaskGetSchedulerState
                0x08005614       0x3c ./Middlewares/Third_Party/FreeRTOS/Source/tasks.o
                0x08005614                xTaskGetSchedulerState
 .text.xTaskPriorityInherit
                0x08005650       0xd0 ./Middlewares/Third_Party/FreeRTOS/Source/tasks.o
                0x08005650                xTaskPriorityInherit
 .text.xTaskPriorityDisinherit
                0x08005720       0xe0 ./Middlewares/Third_Party/FreeRTOS/Source/tasks.o
                0x08005720                xTaskPriorityDisinherit
 .text.vTaskPriorityDisinheritAfterTimeout
                0x08005800      0x108 ./Middlewares/Third_Party/FreeRTOS/Source/tasks.o
                0x08005800                vTaskPriorityDisinheritAfterTimeout
 .text.pvTaskIncrementMutexHeldCount
                0x08005908       0x28 ./Middlewares/Third_Party/FreeRTOS/Source/tasks.o
                0x08005908                pvTaskIncrementMutexHeldCount
 .text.prvAddCurrentTaskToDelayedList
                0x08005930       0xa8 ./Middlewares/Third_Party/FreeRTOS/Source/tasks.o
 .text.xTimerCreateTimerTask
                0x080059d8       0x94 ./Middlewares/Third_Party/FreeRTOS/Source/timers.o
                0x080059d8                xTimerCreateTimerTask
 .text.xTimerGenericCommand
                0x08005a6c       0x9c ./Middlewares/Third_Party/FreeRTOS/Source/timers.o
                0x08005a6c                xTimerGenericCommand
 .text.prvProcessExpiredTimer
                0x08005b08       0x9c ./Middlewares/Third_Party/FreeRTOS/Source/timers.o
 .text.prvTimerTask
                0x08005ba4       0x26 ./Middlewares/Third_Party/FreeRTOS/Source/timers.o
 *fill*         0x08005bca        0x2 
 .text.prvProcessTimerOrBlockTask
                0x08005bcc       0x9c ./Middlewares/Third_Party/FreeRTOS/Source/timers.o
 .text.prvGetNextExpireTime
                0x08005c68       0x48 ./Middlewares/Third_Party/FreeRTOS/Source/timers.o
 .text.prvSampleTimeNow
                0x08005cb0       0x40 ./Middlewares/Third_Party/FreeRTOS/Source/timers.o
 .text.prvInsertTimerInActiveList
                0x08005cf0       0x84 ./Middlewares/Third_Party/FreeRTOS/Source/timers.o
 .text.prvProcessReceivedCommands
                0x08005d74      0x1cc ./Middlewares/Third_Party/FreeRTOS/Source/timers.o
 .text.prvSwitchTimerLists
                0x08005f40       0xcc ./Middlewares/Third_Party/FreeRTOS/Source/timers.o
 .text.prvCheckForValidListAndQueue
                0x0800600c       0x80 ./Middlewares/Third_Party/FreeRTOS/Source/timers.o
 .text.pxPortInitialiseStack
                0x0800608c       0x68 ./Middlewares/Third_Party/FreeRTOS/Source/portable/GCC/ARM_CM4F/port.o
                0x0800608c                pxPortInitialiseStack
 .text.prvTaskExitError
                0x080060f4       0x5c ./Middlewares/Third_Party/FreeRTOS/Source/portable/GCC/ARM_CM4F/port.o
 .text.SVC_Handler
                0x08006150       0x28 ./Middlewares/Third_Party/FreeRTOS/Source/portable/GCC/ARM_CM4F/port.o
                0x08006150                SVC_Handler
 .text.prvPortStartFirstTask
                0x08006178       0x28 ./Middlewares/Third_Party/FreeRTOS/Source/portable/GCC/ARM_CM4F/port.o
 .text.xPortStartScheduler
                0x080061a0      0x148 ./Middlewares/Third_Party/FreeRTOS/Source/portable/GCC/ARM_CM4F/port.o
                0x080061a0                xPortStartScheduler
 .text.vPortEnterCritical
                0x080062e8       0x64 ./Middlewares/Third_Party/FreeRTOS/Source/portable/GCC/ARM_CM4F/port.o
                0x080062e8                vPortEnterCritical
 .text.vPortExitCritical
                0x0800634c       0x54 ./Middlewares/Third_Party/FreeRTOS/Source/portable/GCC/ARM_CM4F/port.o
                0x0800634c                vPortExitCritical
 .text.PendSV_Handler
                0x080063a0       0x68 ./Middlewares/Third_Party/FreeRTOS/Source/portable/GCC/ARM_CM4F/port.o
                0x080063a0                PendSV_Handler
 .text.xPortSysTickHandler
                0x08006408       0x44 ./Middlewares/Third_Party/FreeRTOS/Source/portable/GCC/ARM_CM4F/port.o
                0x08006408                xPortSysTickHandler
 .text.vPortSetupTimerInterrupt
                0x0800644c       0x48 ./Middlewares/Third_Party/FreeRTOS/Source/portable/GCC/ARM_CM4F/port.o
                0x0800644c                vPortSetupTimerInterrupt
 .text.vPortEnableVFP
                0x08006494       0x14 ./Middlewares/Third_Party/FreeRTOS/Source/portable/GCC/ARM_CM4F/port.o
 .text.vPortValidateInterruptPriority
                0x080064a8       0x84 ./Middlewares/Third_Party/FreeRTOS/Source/portable/GCC/ARM_CM4F/port.o
                0x080064a8                vPortValidateInterruptPriority
 .text.pvPortMalloc
                0x0800652c      0x19c ./Middlewares/Third_Party/FreeRTOS/Source/portable/MemMang/heap_4.o
                0x0800652c                pvPortMalloc
 .text.vPortFree
                0x080066c8       0xc8 ./Middlewares/Third_Party/FreeRTOS/Source/portable/MemMang/heap_4.o
                0x080066c8                vPortFree
 .text.prvHeapInit
                0x08006790       0xc4 ./Middlewares/Third_Party/FreeRTOS/Source/portable/MemMang/heap_4.o
 .text.prvInsertBlockIntoFreeList
                0x08006854       0xb4 ./Middlewares/Third_Party/FreeRTOS/Source/portable/MemMang/heap_4.o
 .text.memset   0x08006908       0x10 C:/ST/STM32CubeIDE_1.17.0/STM32CubeIDE/plugins/com.st.stm32cube.ide.mcu.externaltools.gnu-tools-for-stm32.12.3.rel1.win32_1.1.0.202410251130/tools/bin/../lib/gcc/arm-none-eabi/12.3.1/../../../../arm-none-eabi/lib/thumb/v7e-m+fp/hard\libc_nano.a(libc_a-memset.o)
                0x08006908                memset
 .text.__libc_init_array
                0x08006918       0x48 C:/ST/STM32CubeIDE_1.17.0/STM32CubeIDE/plugins/com.st.stm32cube.ide.mcu.externaltools.gnu-tools-for-stm32.12.3.rel1.win32_1.1.0.202410251130/tools/bin/../lib/gcc/arm-none-eabi/12.3.1/../../../../arm-none-eabi/lib/thumb/v7e-m+fp/hard\libc_nano.a(libc_a-init.o)
                0x08006918                __libc_init_array
 .text.memcpy   0x08006960       0x1c C:/ST/STM32CubeIDE_1.17.0/STM32CubeIDE/plugins/com.st.stm32cube.ide.mcu.externaltools.gnu-tools-for-stm32.12.3.rel1.win32_1.1.0.202410251130/tools/bin/../lib/gcc/arm-none-eabi/12.3.1/../../../../arm-none-eabi/lib/thumb/v7e-m+fp/hard\libc_nano.a(libc_a-memcpy-stub.o)
                0x08006960                memcpy
 *(.glue_7)
 .glue_7        0x0800697c        0x0 linker stubs
 *(.glue_7t)
 .glue_7t       0x0800697c        0x0 linker stubs
 *(.eh_frame)
 .eh_frame      0x0800697c        0x0 C:/ST/STM32CubeIDE_1.17.0/STM32CubeIDE/plugins/com.st.stm32cube.ide.mcu.externaltools.gnu-tools-for-stm32.12.3.rel1.win32_1.1.0.202410251130/tools/bin/../lib/gcc/arm-none-eabi/12.3.1/thumb/v7e-m+fp/hard/crtbegin.o
 *(.init)
 .init          0x0800697c        0x4 C:/ST/STM32CubeIDE_1.17.0/STM32CubeIDE/plugins/com.st.stm32cube.ide.mcu.externaltools.gnu-tools-for-stm32.12.3.rel1.win32_1.1.0.202410251130/tools/bin/../lib/gcc/arm-none-eabi/12.3.1/thumb/v7e-m+fp/hard/crti.o
                0x0800697c                _init
 .init          0x08006980        0x8 C:/ST/STM32CubeIDE_1.17.0/STM32CubeIDE/plugins/com.st.stm32cube.ide.mcu.externaltools.gnu-tools-for-stm32.12.3.rel1.win32_1.1.0.202410251130/tools/bin/../lib/gcc/arm-none-eabi/12.3.1/thumb/v7e-m+fp/hard/crtn.o
 *(.fini)
 .fini          0x08006988        0x4 C:/ST/STM32CubeIDE_1.17.0/STM32CubeIDE/plugins/com.st.stm32cube.ide.mcu.externaltools.gnu-tools-for-stm32.12.3.rel1.win32_1.1.0.202410251130/tools/bin/../lib/gcc/arm-none-eabi/12.3.1/thumb/v7e-m+fp/hard/crti.o
                0x08006988                _fini
 .fini          0x0800698c        0x8 C:/ST/STM32CubeIDE_1.17.0/STM32CubeIDE/plugins/com.st.stm32cube.ide.mcu.externaltools.gnu-tools-for-stm32.12.3.rel1.win32_1.1.0.202410251130/tools/bin/../lib/gcc/arm-none-eabi/12.3.1/thumb/v7e-m+fp/hard/crtn.o
                0x08006994                        . = ALIGN (0x4)
                0x08006994                        _etext = .

.vfp11_veneer   0x08006994        0x0
 .vfp11_veneer  0x08006994        0x0 linker stubs

.v4_bx          0x08006994        0x0
 .v4_bx         0x08006994        0x0 linker stubs

.iplt           0x08006994        0x0
 .iplt          0x08006994        0x0 C:/ST/STM32CubeIDE_1.17.0/STM32CubeIDE/plugins/com.st.stm32cube.ide.mcu.externaltools.gnu-tools-for-stm32.12.3.rel1.win32_1.1.0.202410251130/tools/bin/../lib/gcc/arm-none-eabi/12.3.1/thumb/v7e-m+fp/hard/crtbegin.o

.rodata         0x08006994      0x138
                0x08006994                        . = ALIGN (0x4)
 *(.rodata)
 .rodata        0x08006994       0x8c ./Core/Src/freertos.o
 .rodata        0x08006a20        0x5 ./Middlewares/Third_Party/FreeRTOS/Source/tasks.o
 *fill*         0x08006a25        0x3 
 .rodata        0x08006a28        0xd ./Middlewares/Third_Party/FreeRTOS/Source/timers.o
 *(.rodata*)
 *fill*         0x08006a35        0x3 
 .rodata.defaultTask_attributes
                0x08006a38       0x24 ./Core/Src/freertos.o
                0x08006a38                defaultTask_attributes
 .rodata.announceOscarsT_attributes
                0x08006a5c       0x24 ./Core/Src/freertos.o
                0x08006a5c                announceOscarsT_attributes
 .rodata.winnerAnnounceT_attributes
                0x08006a80       0x24 ./Core/Src/freertos.o
                0x08006a80                winnerAnnounceT_attributes
 .rodata.serialMutex_attributes
                0x08006aa4       0x10 ./Core/Src/freertos.o
                0x08006aa4                serialMutex_attributes
 .rodata.AHBPrescTable
                0x08006ab4       0x10 ./Core/Src/system_stm32f4xx.o
                0x08006ab4                AHBPrescTable
 .rodata.APBPrescTable
                0x08006ac4        0x8 ./Core/Src/system_stm32f4xx.o
                0x08006ac4                APBPrescTable
                0x08006acc                        . = ALIGN (0x4)

.ARM.extab      0x08006acc        0x0
                0x08006acc                        . = ALIGN (0x4)
 *(.ARM.extab* .gnu.linkonce.armextab.*)
                0x08006acc                        . = ALIGN (0x4)

.ARM            0x08006acc        0x8
                0x08006acc                        . = ALIGN (0x4)
                0x08006acc                        __exidx_start = .
 *(.ARM.exidx*)
 .ARM.exidx     0x08006acc        0x8 C:/ST/STM32CubeIDE_1.17.0/STM32CubeIDE/plugins/com.st.stm32cube.ide.mcu.externaltools.gnu-tools-for-stm32.12.3.rel1.win32_1.1.0.202410251130/tools/bin/../lib/gcc/arm-none-eabi/12.3.1/../../../../arm-none-eabi/lib/thumb/v7e-m+fp/hard\libc_nano.a(libc_a-strlen.o)
 .ARM.exidx     0x08006ad4        0x0 C:/ST/STM32CubeIDE_1.17.0/STM32CubeIDE/plugins/com.st.stm32cube.ide.mcu.externaltools.gnu-tools-for-stm32.12.3.rel1.win32_1.1.0.202410251130/tools/bin/../lib/gcc/arm-none-eabi/12.3.1/thumb/v7e-m+fp/hard\libgcc.a(_udivmoddi4.o)
                                  0x8 (size before relaxing)
                0x08006ad4                        __exidx_end = .
                0x08006ad4                        . = ALIGN (0x4)

.preinit_array  0x08006ad4        0x0
                0x08006ad4                        . = ALIGN (0x4)
                0x08006ad4                        PROVIDE (__preinit_array_start = .)
 *(.preinit_array*)
                0x08006ad4                        PROVIDE (__preinit_array_end = .)
                0x08006ad4                        . = ALIGN (0x4)

.init_array     0x08006ad4        0x4
                0x08006ad4                        . = ALIGN (0x4)
                0x08006ad4                        PROVIDE (__init_array_start = .)
 *(SORT_BY_NAME(.init_array.*))
 *(.init_array*)
 .init_array    0x08006ad4        0x4 C:/ST/STM32CubeIDE_1.17.0/STM32CubeIDE/plugins/com.st.stm32cube.ide.mcu.externaltools.gnu-tools-for-stm32.12.3.rel1.win32_1.1.0.202410251130/tools/bin/../lib/gcc/arm-none-eabi/12.3.1/thumb/v7e-m+fp/hard/crtbegin.o
                0x08006ad8                        PROVIDE (__init_array_end = .)
                0x08006ad8                        . = ALIGN (0x4)

.fini_array     0x08006ad8        0x4
                0x08006ad8                        . = ALIGN (0x4)
                [!provide]                        PROVIDE (__fini_array_start = .)
 *(SORT_BY_NAME(.fini_array.*))
 *(.fini_array*)
 .fini_array    0x08006ad8        0x4 C:/ST/STM32CubeIDE_1.17.0/STM32CubeIDE/plugins/com.st.stm32cube.ide.mcu.externaltools.gnu-tools-for-stm32.12.3.rel1.win32_1.1.0.202410251130/tools/bin/../lib/gcc/arm-none-eabi/12.3.1/thumb/v7e-m+fp/hard/crtbegin.o
                [!provide]                        PROVIDE (__fini_array_end = .)
                0x08006adc                        . = ALIGN (0x4)
                0x08006adc                        _sidata = LOADADDR (.data)

.rel.dyn        0x08006adc        0x0
 .rel.iplt      0x08006adc        0x0 C:/ST/STM32CubeIDE_1.17.0/STM32CubeIDE/plugins/com.st.stm32cube.ide.mcu.externaltools.gnu-tools-for-stm32.12.3.rel1.win32_1.1.0.202410251130/tools/bin/../lib/gcc/arm-none-eabi/12.3.1/thumb/v7e-m+fp/hard/crtbegin.o

.data           0x20000000       0x10 load address 0x08006adc
                0x20000000                        . = ALIGN (0x4)
                0x20000000                        _sdata = .
 *(.data)
 *(.data*)
 .data.SystemCoreClock
                0x20000000        0x4 ./Core/Src/system_stm32f4xx.o
                0x20000000                SystemCoreClock
 .data.uwTickPrio
                0x20000004        0x4 ./Drivers/STM32F4xx_HAL_Driver/Src/stm32f4xx_hal.o
                0x20000004                uwTickPrio
 .data.uwTickFreq
                0x20000008        0x1 ./Drivers/STM32F4xx_HAL_Driver/Src/stm32f4xx_hal.o
                0x20000008                uwTickFreq
 *fill*         0x20000009        0x3 
 .data.uxCriticalNesting
                0x2000000c        0x4 ./Middlewares/Third_Party/FreeRTOS/Source/portable/GCC/ARM_CM4F/port.o
 *(.RamFunc)
 *(.RamFunc*)
                0x20000010                        . = ALIGN (0x4)
                0x20000010                        _edata = .

.igot.plt       0x20000010        0x0 load address 0x08006aec
 .igot.plt      0x20000010        0x0 C:/ST/STM32CubeIDE_1.17.0/STM32CubeIDE/plugins/com.st.stm32cube.ide.mcu.externaltools.gnu-tools-for-stm32.12.3.rel1.win32_1.1.0.202410251130/tools/bin/../lib/gcc/arm-none-eabi/12.3.1/thumb/v7e-m+fp/hard/crtbegin.o
                0x20000010                        . = ALIGN (0x4)

.bss            0x20000010     0x4eac load address 0x08006aec
                0x20000010                        _sbss = .
                0x20000010                        __bss_start__ = _sbss
 *(.bss)
 .bss           0x20000010       0x1c C:/ST/STM32CubeIDE_1.17.0/STM32CubeIDE/plugins/com.st.stm32cube.ide.mcu.externaltools.gnu-tools-for-stm32.12.3.rel1.win32_1.1.0.202410251130/tools/bin/../lib/gcc/arm-none-eabi/12.3.1/thumb/v7e-m+fp/hard/crtbegin.o
 *(.bss*)
 .bss.defaultTaskHandle
                0x2000002c        0x4 ./Core/Src/freertos.o
                0x2000002c                defaultTaskHandle
 .bss.announceOscarsTHandle
                0x20000030        0x4 ./Core/Src/freertos.o
                0x20000030                announceOscarsTHandle
 .bss.winnerAnnounceTHandle
                0x20000034        0x4 ./Core/Src/freertos.o
                0x20000034                winnerAnnounceTHandle
 .bss.serialMutexHandle
                0x20000038        0x4 ./Core/Src/freertos.o
                0x20000038                serialMutexHandle
 .bss.huart3    0x2000003c       0x48 ./Core/Src/usart.o
                0x2000003c                huart3
 .bss.hpcd_USB_OTG_FS
                0x20000084      0x4e4 ./Core/Src/usb_otg.o
                0x20000084                hpcd_USB_OTG_FS
 .bss.uwTick    0x20000568        0x4 ./Drivers/STM32F4xx_HAL_Driver/Src/stm32f4xx_hal.o
                0x20000568                uwTick
 .bss.KernelState
                0x2000056c        0x4 ./Middlewares/Third_Party/FreeRTOS/Source/CMSIS_RTOS_V2/cmsis_os2.o
 .bss.Idle_TCB.3
                0x20000570       0x5c ./Middlewares/Third_Party/FreeRTOS/Source/CMSIS_RTOS_V2/cmsis_os2.o
 .bss.Idle_Stack.2
                0x200005cc      0x200 ./Middlewares/Third_Party/FreeRTOS/Source/CMSIS_RTOS_V2/cmsis_os2.o
 .bss.Timer_TCB.1
                0x200007cc       0x5c ./Middlewares/Third_Party/FreeRTOS/Source/CMSIS_RTOS_V2/cmsis_os2.o
 .bss.Timer_Stack.0
                0x20000828      0x400 ./Middlewares/Third_Party/FreeRTOS/Source/CMSIS_RTOS_V2/cmsis_os2.o
 .bss.xQueueRegistry
                0x20000c28       0x40 ./Middlewares/Third_Party/FreeRTOS/Source/queue.o
                0x20000c28                xQueueRegistry
 .bss.pxCurrentTCB
                0x20000c68        0x4 ./Middlewares/Third_Party/FreeRTOS/Source/tasks.o
                0x20000c68                pxCurrentTCB
 .bss.pxReadyTasksLists
                0x20000c6c      0x460 ./Middlewares/Third_Party/FreeRTOS/Source/tasks.o
 .bss.xDelayedTaskList1
                0x200010cc       0x14 ./Middlewares/Third_Party/FreeRTOS/Source/tasks.o
 .bss.xDelayedTaskList2
                0x200010e0       0x14 ./Middlewares/Third_Party/FreeRTOS/Source/tasks.o
 .bss.pxDelayedTaskList
                0x200010f4        0x4 ./Middlewares/Third_Party/FreeRTOS/Source/tasks.o
 .bss.pxOverflowDelayedTaskList
                0x200010f8        0x4 ./Middlewares/Third_Party/FreeRTOS/Source/tasks.o
 .bss.xPendingReadyList
                0x200010fc       0x14 ./Middlewares/Third_Party/FreeRTOS/Source/tasks.o
 .bss.xTasksWaitingTermination
                0x20001110       0x14 ./Middlewares/Third_Party/FreeRTOS/Source/tasks.o
 .bss.uxDeletedTasksWaitingCleanUp
                0x20001124        0x4 ./Middlewares/Third_Party/FreeRTOS/Source/tasks.o
 .bss.xSuspendedTaskList
                0x20001128       0x14 ./Middlewares/Third_Party/FreeRTOS/Source/tasks.o
 .bss.uxCurrentNumberOfTasks
                0x2000113c        0x4 ./Middlewares/Third_Party/FreeRTOS/Source/tasks.o
 .bss.xTickCount
                0x20001140        0x4 ./Middlewares/Third_Party/FreeRTOS/Source/tasks.o
 .bss.uxTopReadyPriority
                0x20001144        0x4 ./Middlewares/Third_Party/FreeRTOS/Source/tasks.o
 .bss.xSchedulerRunning
                0x20001148        0x4 ./Middlewares/Third_Party/FreeRTOS/Source/tasks.o
 .bss.xPendedTicks
                0x2000114c        0x4 ./Middlewares/Third_Party/FreeRTOS/Source/tasks.o
 .bss.xYieldPending
                0x20001150        0x4 ./Middlewares/Third_Party/FreeRTOS/Source/tasks.o
 .bss.xNumOfOverflows
                0x20001154        0x4 ./Middlewares/Third_Party/FreeRTOS/Source/tasks.o
 .bss.uxTaskNumber
                0x20001158        0x4 ./Middlewares/Third_Party/FreeRTOS/Source/tasks.o
 .bss.xNextTaskUnblockTime
                0x2000115c        0x4 ./Middlewares/Third_Party/FreeRTOS/Source/tasks.o
 .bss.xIdleTaskHandle
                0x20001160        0x4 ./Middlewares/Third_Party/FreeRTOS/Source/tasks.o
 .bss.uxSchedulerSuspended
                0x20001164        0x4 ./Middlewares/Third_Party/FreeRTOS/Source/tasks.o
 .bss.xActiveTimerList1
                0x20001168       0x14 ./Middlewares/Third_Party/FreeRTOS/Source/timers.o
 .bss.xActiveTimerList2
                0x2000117c       0x14 ./Middlewares/Third_Party/FreeRTOS/Source/timers.o
 .bss.pxCurrentTimerList
                0x20001190        0x4 ./Middlewares/Third_Party/FreeRTOS/Source/timers.o
 .bss.pxOverflowTimerList
                0x20001194        0x4 ./Middlewares/Third_Party/FreeRTOS/Source/timers.o
 .bss.xTimerQueue
                0x20001198        0x4 ./Middlewares/Third_Party/FreeRTOS/Source/timers.o
 .bss.xTimerTaskHandle
                0x2000119c        0x4 ./Middlewares/Third_Party/FreeRTOS/Source/timers.o
 .bss.xLastTime.2
                0x200011a0        0x4 ./Middlewares/Third_Party/FreeRTOS/Source/timers.o
 .bss.ucStaticTimerQueueStorage.1
                0x200011a4       0xa0 ./Middlewares/Third_Party/FreeRTOS/Source/timers.o
 .bss.xStaticTimerQueue.0
                0x20001244       0x50 ./Middlewares/Third_Party/FreeRTOS/Source/timers.o
 .bss.ucMaxSysCallPriority
                0x20001294        0x1 ./Middlewares/Third_Party/FreeRTOS/Source/portable/GCC/ARM_CM4F/port.o
 *fill*         0x20001295        0x3 
 .bss.ulMaxPRIGROUPValue
                0x20001298        0x4 ./Middlewares/Third_Party/FreeRTOS/Source/portable/GCC/ARM_CM4F/port.o
 .bss.ucHeap    0x2000129c     0x3c00 ./Middlewares/Third_Party/FreeRTOS/Source/portable/MemMang/heap_4.o
 .bss.xStart    0x20004e9c        0x8 ./Middlewares/Third_Party/FreeRTOS/Source/portable/MemMang/heap_4.o
 .bss.pxEnd     0x20004ea4        0x4 ./Middlewares/Third_Party/FreeRTOS/Source/portable/MemMang/heap_4.o
 .bss.xFreeBytesRemaining
                0x20004ea8        0x4 ./Middlewares/Third_Party/FreeRTOS/Source/portable/MemMang/heap_4.o
 .bss.xMinimumEverFreeBytesRemaining
                0x20004eac        0x4 ./Middlewares/Third_Party/FreeRTOS/Source/portable/MemMang/heap_4.o
 .bss.xNumberOfSuccessfulAllocations
                0x20004eb0        0x4 ./Middlewares/Third_Party/FreeRTOS/Source/portable/MemMang/heap_4.o
 .bss.xNumberOfSuccessfulFrees
                0x20004eb4        0x4 ./Middlewares/Third_Party/FreeRTOS/Source/portable/MemMang/heap_4.o
 .bss.xBlockAllocatedBit
                0x20004eb8        0x4 ./Middlewares/Third_Party/FreeRTOS/Source/portable/MemMang/heap_4.o
 *(COMMON)
                0x20004ebc                        . = ALIGN (0x4)
                0x20004ebc                        _ebss = .
                0x20004ebc                        __bss_end__ = _ebss

._user_heap_stack
                0x20004ebc      0x604 load address 0x08006aec
                0x20004ec0                        . = ALIGN (0x8)
 *fill*         0x20004ebc        0x4 
                [!provide]                        PROVIDE (end = .)
                0x20004ec0                        PROVIDE (_end = .)
                0x200050c0                        . = (. + _Min_Heap_Size)
 *fill*         0x20004ec0      0x200 
                0x200054c0                        . = (. + _Min_Stack_Size)
 *fill*         0x200050c0      0x400 
                0x200054c0                        . = ALIGN (0x8)

/DISCARD/
 libc.a(*)
 libm.a(*)
 libgcc.a(*)

.ARM.attributes
                0x00000000       0x30
 *(.ARM.attributes)
 .ARM.attributes
                0x00000000       0x22 C:/ST/STM32CubeIDE_1.17.0/STM32CubeIDE/plugins/com.st.stm32cube.ide.mcu.externaltools.gnu-tools-for-stm32.12.3.rel1.win32_1.1.0.202410251130/tools/bin/../lib/gcc/arm-none-eabi/12.3.1/thumb/v7e-m+fp/hard/crti.o
 .ARM.attributes
                0x00000022       0x34 C:/ST/STM32CubeIDE_1.17.0/STM32CubeIDE/plugins/com.st.stm32cube.ide.mcu.externaltools.gnu-tools-for-stm32.12.3.rel1.win32_1.1.0.202410251130/tools/bin/../lib/gcc/arm-none-eabi/12.3.1/thumb/v7e-m+fp/hard/crtbegin.o
 .ARM.attributes
                0x00000056       0x34 ./Core/Src/freertos.o
 .ARM.attributes
                0x0000008a       0x34 ./Core/Src/gpio.o
 .ARM.attributes
                0x000000be       0x34 ./Core/Src/main.o
 .ARM.attributes
                0x000000f2       0x34 ./Core/Src/stm32f4xx_hal_msp.o
 .ARM.attributes
                0x00000126       0x34 ./Core/Src/stm32f4xx_it.o
 .ARM.attributes
                0x0000015a       0x34 ./Core/Src/system_stm32f4xx.o
 .ARM.attributes
                0x0000018e       0x34 ./Core/Src/usart.o
 .ARM.attributes
                0x000001c2       0x34 ./Core/Src/usb_otg.o
 .ARM.attributes
                0x000001f6       0x21 ./Core/Startup/startup_stm32f446zetx.o
 .ARM.attributes
                0x00000217       0x34 ./Drivers/STM32F4xx_HAL_Driver/Src/stm32f4xx_hal.o
 .ARM.attributes
                0x0000024b       0x34 ./Drivers/STM32F4xx_HAL_Driver/Src/stm32f4xx_hal_cortex.o
 .ARM.attributes
                0x0000027f       0x34 ./Drivers/STM32F4xx_HAL_Driver/Src/stm32f4xx_hal_gpio.o
 .ARM.attributes
                0x000002b3       0x34 ./Drivers/STM32F4xx_HAL_Driver/Src/stm32f4xx_hal_pcd.o
 .ARM.attributes
                0x000002e7       0x34 ./Drivers/STM32F4xx_HAL_Driver/Src/stm32f4xx_hal_pcd_ex.o
 .ARM.attributes
                0x0000031b       0x34 ./Drivers/STM32F4xx_HAL_Driver/Src/stm32f4xx_hal_rcc.o
 .ARM.attributes
                0x0000034f       0x34 ./Drivers/STM32F4xx_HAL_Driver/Src/stm32f4xx_hal_rcc_ex.o
 .ARM.attributes
                0x00000383       0x34 ./Drivers/STM32F4xx_HAL_Driver/Src/stm32f4xx_hal_uart.o
 .ARM.attributes
                0x000003b7       0x34 ./Drivers/STM32F4xx_HAL_Driver/Src/stm32f4xx_ll_usb.o
 .ARM.attributes
                0x000003eb       0x34 ./Middlewares/Third_Party/FreeRTOS/Source/CMSIS_RTOS_V2/cmsis_os2.o
 .ARM.attributes
                0x0000041f       0x34 ./Middlewares/Third_Party/FreeRTOS/Source/list.o
 .ARM.attributes
                0x00000453       0x34 ./Middlewares/Third_Party/FreeRTOS/Source/queue.o
 .ARM.attributes
                0x00000487       0x34 ./Middlewares/Third_Party/FreeRTOS/Source/tasks.o
 .ARM.attributes
                0x000004bb       0x34 ./Middlewares/Third_Party/FreeRTOS/Source/timers.o
 .ARM.attributes
                0x000004ef       0x34 ./Middlewares/Third_Party/FreeRTOS/Source/portable/GCC/ARM_CM4F/port.o
 .ARM.attributes
                0x00000523       0x34 ./Middlewares/Third_Party/FreeRTOS/Source/portable/MemMang/heap_4.o
 .ARM.attributes
                0x00000557       0x34 C:/ST/STM32CubeIDE_1.17.0/STM32CubeIDE/plugins/com.st.stm32cube.ide.mcu.externaltools.gnu-tools-for-stm32.12.3.rel1.win32_1.1.0.202410251130/tools/bin/../lib/gcc/arm-none-eabi/12.3.1/../../../../arm-none-eabi/lib/thumb/v7e-m+fp/hard\libc_nano.a(libc_a-memset.o)
 .ARM.attributes
                0x0000058b       0x34 C:/ST/STM32CubeIDE_1.17.0/STM32CubeIDE/plugins/com.st.stm32cube.ide.mcu.externaltools.gnu-tools-for-stm32.12.3.rel1.win32_1.1.0.202410251130/tools/bin/../lib/gcc/arm-none-eabi/12.3.1/../../../../arm-none-eabi/lib/thumb/v7e-m+fp/hard\libc_nano.a(libc_a-init.o)
 .ARM.attributes
                0x000005bf       0x34 C:/ST/STM32CubeIDE_1.17.0/STM32CubeIDE/plugins/com.st.stm32cube.ide.mcu.externaltools.gnu-tools-for-stm32.12.3.rel1.win32_1.1.0.202410251130/tools/bin/../lib/gcc/arm-none-eabi/12.3.1/../../../../arm-none-eabi/lib/thumb/v7e-m+fp/hard\libc_nano.a(libc_a-memcpy-stub.o)
 .ARM.attributes
                0x000005f3       0x17 C:/ST/STM32CubeIDE_1.17.0/STM32CubeIDE/plugins/com.st.stm32cube.ide.mcu.externaltools.gnu-tools-for-stm32.12.3.rel1.win32_1.1.0.202410251130/tools/bin/../lib/gcc/arm-none-eabi/12.3.1/../../../../arm-none-eabi/lib/thumb/v7e-m+fp/hard\libc_nano.a(libc_a-strlen.o)
 .ARM.attributes
                0x0000060a       0x22 C:/ST/STM32CubeIDE_1.17.0/STM32CubeIDE/plugins/com.st.stm32cube.ide.mcu.externaltools.gnu-tools-for-stm32.12.3.rel1.win32_1.1.0.202410251130/tools/bin/../lib/gcc/arm-none-eabi/12.3.1/thumb/v7e-m+fp/hard\libgcc.a(_aeabi_uldivmod.o)
 .ARM.attributes
                0x0000062c       0x34 C:/ST/STM32CubeIDE_1.17.0/STM32CubeIDE/plugins/com.st.stm32cube.ide.mcu.externaltools.gnu-tools-for-stm32.12.3.rel1.win32_1.1.0.202410251130/tools/bin/../lib/gcc/arm-none-eabi/12.3.1/thumb/v7e-m+fp/hard\libgcc.a(_udivmoddi4.o)
 .ARM.attributes
                0x00000660       0x22 C:/ST/STM32CubeIDE_1.17.0/STM32CubeIDE/plugins/com.st.stm32cube.ide.mcu.externaltools.gnu-tools-for-stm32.12.3.rel1.win32_1.1.0.202410251130/tools/bin/../lib/gcc/arm-none-eabi/12.3.1/thumb/v7e-m+fp/hard\libgcc.a(_dvmd_tls.o)
 .ARM.attributes
                0x00000682       0x22 C:/ST/STM32CubeIDE_1.17.0/STM32CubeIDE/plugins/com.st.stm32cube.ide.mcu.externaltools.gnu-tools-for-stm32.12.3.rel1.win32_1.1.0.202410251130/tools/bin/../lib/gcc/arm-none-eabi/12.3.1/thumb/v7e-m+fp/hard/crtn.o
OUTPUT(TP2.elf elf32-littlearm)
LOAD linker stubs
LOAD C:/ST/STM32CubeIDE_1.17.0/STM32CubeIDE/plugins/com.st.stm32cube.ide.mcu.externaltools.gnu-tools-for-stm32.12.3.rel1.win32_1.1.0.202410251130/tools/bin/../lib/gcc/arm-none-eabi/12.3.1/../../../../arm-none-eabi/lib/thumb/v7e-m+fp/hard\libc.a
LOAD C:/ST/STM32CubeIDE_1.17.0/STM32CubeIDE/plugins/com.st.stm32cube.ide.mcu.externaltools.gnu-tools-for-stm32.12.3.rel1.win32_1.1.0.202410251130/tools/bin/../lib/gcc/arm-none-eabi/12.3.1/../../../../arm-none-eabi/lib/thumb/v7e-m+fp/hard\libm.a
LOAD C:/ST/STM32CubeIDE_1.17.0/STM32CubeIDE/plugins/com.st.stm32cube.ide.mcu.externaltools.gnu-tools-for-stm32.12.3.rel1.win32_1.1.0.202410251130/tools/bin/../lib/gcc/arm-none-eabi/12.3.1/thumb/v7e-m+fp/hard\libgcc.a

.debug_info     0x00000000    0x16527
 .debug_info    0x00000000      0xace ./Core/Src/freertos.o
 .debug_info    0x00000ace      0x471 ./Core/Src/gpio.o
 .debug_info    0x00000f3f      0x567 ./Core/Src/main.o
 .debug_info    0x000014a6      0x505 ./Core/Src/stm32f4xx_hal_msp.o
 .debug_info    0x000019ab      0x11a ./Core/Src/stm32f4xx_it.o
 .debug_info    0x00001ac5      0x54a ./Core/Src/system_stm32f4xx.o
 .debug_info    0x0000200f      0x94d ./Core/Src/usart.o
 .debug_info    0x0000295c      0xb75 ./Core/Src/usb_otg.o
 .debug_info    0x000034d1       0x30 ./Core/Startup/startup_stm32f446zetx.o
 .debug_info    0x00003501      0x99a ./Drivers/STM32F4xx_HAL_Driver/Src/stm32f4xx_hal.o
 .debug_info    0x00003e9b      0xdaa ./Drivers/STM32F4xx_HAL_Driver/Src/stm32f4xx_hal_cortex.o
 .debug_info    0x00004c45      0x70b ./Drivers/STM32F4xx_HAL_Driver/Src/stm32f4xx_hal_gpio.o
 .debug_info    0x00005350     0x15e3 ./Drivers/STM32F4xx_HAL_Driver/Src/stm32f4xx_hal_pcd.o
 .debug_info    0x00006933      0x7b4 ./Drivers/STM32F4xx_HAL_Driver/Src/stm32f4xx_hal_pcd_ex.o
 .debug_info    0x000070e7      0x8eb ./Drivers/STM32F4xx_HAL_Driver/Src/stm32f4xx_hal_rcc.o
 .debug_info    0x000079d2      0x956 ./Drivers/STM32F4xx_HAL_Driver/Src/stm32f4xx_hal_rcc_ex.o
 .debug_info    0x00008328     0x2f4f ./Drivers/STM32F4xx_HAL_Driver/Src/stm32f4xx_hal_uart.o
 .debug_info    0x0000b277     0x19f1 ./Drivers/STM32F4xx_HAL_Driver/Src/stm32f4xx_ll_usb.o
 .debug_info    0x0000cc68     0x3a70 ./Middlewares/Third_Party/FreeRTOS/Source/CMSIS_RTOS_V2/cmsis_os2.o
 .debug_info    0x000106d8      0x2af ./Middlewares/Third_Party/FreeRTOS/Source/list.o
 .debug_info    0x00010987     0x1b79 ./Middlewares/Third_Party/FreeRTOS/Source/queue.o
 .debug_info    0x00012500     0x21ec ./Middlewares/Third_Party/FreeRTOS/Source/tasks.o
 .debug_info    0x000146ec     0x1488 ./Middlewares/Third_Party/FreeRTOS/Source/timers.o
 .debug_info    0x00015b74      0x4de ./Middlewares/Third_Party/FreeRTOS/Source/portable/GCC/ARM_CM4F/port.o
 .debug_info    0x00016052      0x4d5 ./Middlewares/Third_Party/FreeRTOS/Source/portable/MemMang/heap_4.o

.debug_abbrev   0x00000000     0x3784
 .debug_abbrev  0x00000000      0x1e3 ./Core/Src/freertos.o
 .debug_abbrev  0x000001e3      0x152 ./Core/Src/gpio.o
 .debug_abbrev  0x00000335      0x200 ./Core/Src/main.o
 .debug_abbrev  0x00000535      0x119 ./Core/Src/stm32f4xx_hal_msp.o
 .debug_abbrev  0x0000064e       0x97 ./Core/Src/stm32f4xx_it.o
 .debug_abbrev  0x000006e5      0x11a ./Core/Src/system_stm32f4xx.o
 .debug_abbrev  0x000007ff      0x1f9 ./Core/Src/usart.o
 .debug_abbrev  0x000009f8      0x230 ./Core/Src/usb_otg.o
 .debug_abbrev  0x00000c28       0x24 ./Core/Startup/startup_stm32f446zetx.o
 .debug_abbrev  0x00000c4c      0x214 ./Drivers/STM32F4xx_HAL_Driver/Src/stm32f4xx_hal.o
 .debug_abbrev  0x00000e60      0x31d ./Drivers/STM32F4xx_HAL_Driver/Src/stm32f4xx_hal_cortex.o
 .debug_abbrev  0x0000117d      0x1d4 ./Drivers/STM32F4xx_HAL_Driver/Src/stm32f4xx_hal_gpio.o
 .debug_abbrev  0x00001351      0x2d0 ./Drivers/STM32F4xx_HAL_Driver/Src/stm32f4xx_hal_pcd.o
 .debug_abbrev  0x00001621      0x1dd ./Drivers/STM32F4xx_HAL_Driver/Src/stm32f4xx_hal_pcd_ex.o
 .debug_abbrev  0x000017fe      0x2b7 ./Drivers/STM32F4xx_HAL_Driver/Src/stm32f4xx_hal_rcc.o
 .debug_abbrev  0x00001ab5      0x20a ./Drivers/STM32F4xx_HAL_Driver/Src/stm32f4xx_hal_rcc_ex.o
 .debug_abbrev  0x00001cbf      0x30e ./Drivers/STM32F4xx_HAL_Driver/Src/stm32f4xx_hal_uart.o
 .debug_abbrev  0x00001fcd      0x2b3 ./Drivers/STM32F4xx_HAL_Driver/Src/stm32f4xx_ll_usb.o
 .debug_abbrev  0x00002280      0x508 ./Middlewares/Third_Party/FreeRTOS/Source/CMSIS_RTOS_V2/cmsis_os2.o
 .debug_abbrev  0x00002788       0xf5 ./Middlewares/Third_Party/FreeRTOS/Source/list.o
 .debug_abbrev  0x0000287d      0x3b6 ./Middlewares/Third_Party/FreeRTOS/Source/queue.o
 .debug_abbrev  0x00002c33      0x386 ./Middlewares/Third_Party/FreeRTOS/Source/tasks.o
 .debug_abbrev  0x00002fb9      0x352 ./Middlewares/Third_Party/FreeRTOS/Source/timers.o
 .debug_abbrev  0x0000330b      0x25c ./Middlewares/Third_Party/FreeRTOS/Source/portable/GCC/ARM_CM4F/port.o
 .debug_abbrev  0x00003567      0x21d ./Middlewares/Third_Party/FreeRTOS/Source/portable/MemMang/heap_4.o

.debug_aranges  0x00000000     0x1268
 .debug_aranges
                0x00000000       0x38 ./Core/Src/freertos.o
 .debug_aranges
                0x00000038       0x20 ./Core/Src/gpio.o
 .debug_aranges
                0x00000058       0x30 ./Core/Src/main.o
 .debug_aranges
                0x00000088       0x20 ./Core/Src/stm32f4xx_hal_msp.o
 .debug_aranges
                0x000000a8       0x50 ./Core/Src/stm32f4xx_it.o
 .debug_aranges
                0x000000f8       0x28 ./Core/Src/system_stm32f4xx.o
 .debug_aranges
                0x00000120       0x30 ./Core/Src/usart.o
 .debug_aranges
                0x00000150       0x30 ./Core/Src/usb_otg.o
 .debug_aranges
                0x00000180       0x28 ./Core/Startup/startup_stm32f446zetx.o
 .debug_aranges
                0x000001a8       0xf0 ./Drivers/STM32F4xx_HAL_Driver/Src/stm32f4xx_hal.o
 .debug_aranges
                0x00000298      0x130 ./Drivers/STM32F4xx_HAL_Driver/Src/stm32f4xx_hal_cortex.o
 .debug_aranges
                0x000003c8       0x58 ./Drivers/STM32F4xx_HAL_Driver/Src/stm32f4xx_hal_gpio.o
 .debug_aranges
                0x00000420      0x148 ./Drivers/STM32F4xx_HAL_Driver/Src/stm32f4xx_hal_pcd.o
 .debug_aranges
                0x00000568       0x48 ./Drivers/STM32F4xx_HAL_Driver/Src/stm32f4xx_hal_pcd_ex.o
 .debug_aranges
                0x000005b0       0x88 ./Drivers/STM32F4xx_HAL_Driver/Src/stm32f4xx_hal_rcc.o
 .debug_aranges
                0x00000638       0x78 ./Drivers/STM32F4xx_HAL_Driver/Src/stm32f4xx_hal_rcc_ex.o
 .debug_aranges
                0x000006b0      0x208 ./Drivers/STM32F4xx_HAL_Driver/Src/stm32f4xx_hal_uart.o
 .debug_aranges
                0x000008b8      0x1a0 ./Drivers/STM32F4xx_HAL_Driver/Src/stm32f4xx_ll_usb.o
 .debug_aranges
                0x00000a58      0x2a8 ./Middlewares/Third_Party/FreeRTOS/Source/CMSIS_RTOS_V2/cmsis_os2.o
 .debug_aranges
                0x00000d00       0x40 ./Middlewares/Third_Party/FreeRTOS/Source/list.o
 .debug_aranges
                0x00000d40      0x158 ./Middlewares/Third_Party/FreeRTOS/Source/queue.o
 .debug_aranges
                0x00000e98      0x208 ./Middlewares/Third_Party/FreeRTOS/Source/tasks.o
 .debug_aranges
                0x000010a0       0xf0 ./Middlewares/Third_Party/FreeRTOS/Source/timers.o
 .debug_aranges
                0x00001190       0x80 ./Middlewares/Third_Party/FreeRTOS/Source/portable/GCC/ARM_CM4F/port.o
 .debug_aranges
                0x00001210       0x58 ./Middlewares/Third_Party/FreeRTOS/Source/portable/MemMang/heap_4.o

.debug_rnglists
                0x00000000      0xe0f
 .debug_rnglists
                0x00000000       0x26 ./Core/Src/freertos.o
 .debug_rnglists
                0x00000026       0x14 ./Core/Src/gpio.o
 .debug_rnglists
                0x0000003a       0x20 ./Core/Src/main.o
 .debug_rnglists
                0x0000005a       0x13 ./Core/Src/stm32f4xx_hal_msp.o
 .debug_rnglists
                0x0000006d       0x37 ./Core/Src/stm32f4xx_it.o
 .debug_rnglists
                0x000000a4       0x1a ./Core/Src/system_stm32f4xx.o
 .debug_rnglists
                0x000000be       0x20 ./Core/Src/usart.o
 .debug_rnglists
                0x000000de       0x20 ./Core/Src/usb_otg.o
 .debug_rnglists
                0x000000fe       0x19 ./Core/Startup/startup_stm32f446zetx.o
 .debug_rnglists
                0x00000117       0xaf ./Drivers/STM32F4xx_HAL_Driver/Src/stm32f4xx_hal.o
 .debug_rnglists
                0x000001c6       0xe0 ./Drivers/STM32F4xx_HAL_Driver/Src/stm32f4xx_hal_cortex.o
 .debug_rnglists
                0x000002a6       0x3f ./Drivers/STM32F4xx_HAL_Driver/Src/stm32f4xx_hal_gpio.o
 .debug_rnglists
                0x000002e5       0xfa ./Drivers/STM32F4xx_HAL_Driver/Src/stm32f4xx_hal_pcd.o
 .debug_rnglists
                0x000003df       0x32 ./Drivers/STM32F4xx_HAL_Driver/Src/stm32f4xx_hal_pcd_ex.o
 .debug_rnglists
                0x00000411       0x66 ./Drivers/STM32F4xx_HAL_Driver/Src/stm32f4xx_hal_rcc.o
 .debug_rnglists
                0x00000477       0x5e ./Drivers/STM32F4xx_HAL_Driver/Src/stm32f4xx_hal_rcc_ex.o
 .debug_rnglists
                0x000004d5      0x1bc ./Drivers/STM32F4xx_HAL_Driver/Src/stm32f4xx_hal_uart.o
 .debug_rnglists
                0x00000691      0x147 ./Drivers/STM32F4xx_HAL_Driver/Src/stm32f4xx_ll_usb.o
 .debug_rnglists
                0x000007d8      0x20c ./Middlewares/Third_Party/FreeRTOS/Source/CMSIS_RTOS_V2/cmsis_os2.o
 .debug_rnglists
                0x000009e4       0x2b ./Middlewares/Third_Party/FreeRTOS/Source/list.o
 .debug_rnglists
                0x00000a0f      0x109 ./Middlewares/Third_Party/FreeRTOS/Source/queue.o
 .debug_rnglists
                0x00000b18      0x1a0 ./Middlewares/Third_Party/FreeRTOS/Source/tasks.o
 .debug_rnglists
                0x00000cb8       0xb8 ./Middlewares/Third_Party/FreeRTOS/Source/timers.o
 .debug_rnglists
                0x00000d70       0x5d ./Middlewares/Third_Party/FreeRTOS/Source/portable/GCC/ARM_CM4F/port.o
 .debug_rnglists
                0x00000dcd       0x42 ./Middlewares/Third_Party/FreeRTOS/Source/portable/MemMang/heap_4.o

.debug_macro    0x00000000    0x23fca
 .debug_macro   0x00000000      0x353 ./Core/Src/freertos.o
 .debug_macro   0x00000353      0xab4 ./Core/Src/freertos.o
 .debug_macro   0x00000e07      0x189 ./Core/Src/freertos.o
 .debug_macro   0x00000f90       0x22 ./Core/Src/freertos.o
 .debug_macro   0x00000fb2       0x8e ./Core/Src/freertos.o
 .debug_macro   0x00001040       0x51 ./Core/Src/freertos.o
 .debug_macro   0x00001091      0x103 ./Core/Src/freertos.o
 .debug_macro   0x00001194       0x6a ./Core/Src/freertos.o
 .debug_macro   0x000011fe      0x1df ./Core/Src/freertos.o
 .debug_macro   0x000013dd      0x169 ./Core/Src/freertos.o
 .debug_macro   0x00001546      0x15a ./Core/Src/freertos.o
 .debug_macro   0x000016a0       0xc9 ./Core/Src/freertos.o
 .debug_macro   0x00001769       0x1c ./Core/Src/freertos.o
 .debug_macro   0x00001785       0x26 ./Core/Src/freertos.o
 .debug_macro   0x000017ab      0x4c5 ./Core/Src/freertos.o
 .debug_macro   0x00001c70       0xb5 ./Core/Src/freertos.o
 .debug_macro   0x00001d25       0xaa ./Core/Src/freertos.o
 .debug_macro   0x00001dcf      0x29b ./Core/Src/freertos.o
 .debug_macro   0x0000206a       0x2e ./Core/Src/freertos.o
 .debug_macro   0x00002098       0x28 ./Core/Src/freertos.o
 .debug_macro   0x000020c0       0x1c ./Core/Src/freertos.o
 .debug_macro   0x000020dc       0x22 ./Core/Src/freertos.o
 .debug_macro   0x000020fe       0xfb ./Core/Src/freertos.o
 .debug_macro   0x000021f9     0x1011 ./Core/Src/freertos.o
 .debug_macro   0x0000320a      0x11f ./Core/Src/freertos.o
 .debug_macro   0x00003329    0x16749 ./Core/Src/freertos.o
 .debug_macro   0x00019a72       0x6d ./Core/Src/freertos.o
 .debug_macro   0x00019adf     0x369a ./Core/Src/freertos.o
 .debug_macro   0x0001d179       0x5c ./Core/Src/freertos.o
 .debug_macro   0x0001d1d5      0xca5 ./Core/Src/freertos.o
 .debug_macro   0x0001de7a      0x9e9 ./Core/Src/freertos.o
 .debug_macro   0x0001e863      0x115 ./Core/Src/freertos.o
 .debug_macro   0x0001e978      0x1a0 ./Core/Src/freertos.o
 .debug_macro   0x0001eb18       0xa5 ./Core/Src/freertos.o
 .debug_macro   0x0001ebbd      0x16d ./Core/Src/freertos.o
 .debug_macro   0x0001ed2a      0x287 ./Core/Src/freertos.o
 .debug_macro   0x0001efb1       0x5f ./Core/Src/freertos.o
 .debug_macro   0x0001f010      0x236 ./Core/Src/freertos.o
 .debug_macro   0x0001f246      0x132 ./Core/Src/freertos.o
 .debug_macro   0x0001f378      0x29c ./Core/Src/freertos.o
 .debug_macro   0x0001f614       0x2e ./Core/Src/freertos.o
 .debug_macro   0x0001f642      0x127 ./Core/Src/freertos.o
 .debug_macro   0x0001f769       0xe8 ./Core/Src/freertos.o
 .debug_macro   0x0001f851       0x89 ./Core/Src/freertos.o
 .debug_macro   0x0001f8da      0x2aa ./Core/Src/freertos.o
 .debug_macro   0x0001fb84      0x293 ./Core/Src/freertos.o
 .debug_macro   0x0001fe17       0xba ./Core/Src/freertos.o
 .debug_macro   0x0001fed1      0x126 ./Core/Src/freertos.o
 .debug_macro   0x0001fff7       0xc4 ./Core/Src/freertos.o
 .debug_macro   0x000200bb       0x6c ./Core/Src/freertos.o
 .debug_macro   0x00020127       0x74 ./Core/Src/freertos.o
 .debug_macro   0x0002019b       0xdd ./Core/Src/freertos.o
 .debug_macro   0x00020278       0x61 ./Core/Src/freertos.o
 .debug_macro   0x000202d9       0x2a ./Core/Src/freertos.o
 .debug_macro   0x00020303       0x43 ./Core/Src/freertos.o
 .debug_macro   0x00020346       0x34 ./Core/Src/freertos.o
 .debug_macro   0x0002037a       0x16 ./Core/Src/freertos.o
 .debug_macro   0x00020390       0x43 ./Core/Src/freertos.o
 .debug_macro   0x000203d3       0x34 ./Core/Src/freertos.o
 .debug_macro   0x00020407       0x10 ./Core/Src/freertos.o
 .debug_macro   0x00020417       0x58 ./Core/Src/freertos.o
 .debug_macro   0x0002046f       0x8e ./Core/Src/freertos.o
 .debug_macro   0x000204fd       0x1c ./Core/Src/freertos.o
 .debug_macro   0x00020519      0x177 ./Core/Src/freertos.o
 .debug_macro   0x00020690      0x369 ./Core/Src/freertos.o
 .debug_macro   0x000209f9       0x10 ./Core/Src/freertos.o
 .debug_macro   0x00020a09       0x35 ./Core/Src/freertos.o
 .debug_macro   0x00020a3e       0x20 ./Core/Src/freertos.o
 .debug_macro   0x00020a5e      0x1f7 ./Core/Src/gpio.o
 .debug_macro   0x00020c55      0x29f ./Core/Src/main.o
 .debug_macro   0x00020ef4      0x169 ./Core/Src/main.o
 .debug_macro   0x0002105d       0x66 ./Core/Src/main.o
 .debug_macro   0x000210c3      0x1ed ./Core/Src/stm32f4xx_hal_msp.o
 .debug_macro   0x000212b0      0x25f ./Core/Src/stm32f4xx_it.o
 .debug_macro   0x0002150f      0x1de ./Core/Src/system_stm32f4xx.o
 .debug_macro   0x000216ed      0x1f7 ./Core/Src/usart.o
 .debug_macro   0x000218e4      0x1f7 ./Core/Src/usb_otg.o
 .debug_macro   0x00021adb      0x23e ./Drivers/STM32F4xx_HAL_Driver/Src/stm32f4xx_hal.o
 .debug_macro   0x00021d19      0x1de ./Drivers/STM32F4xx_HAL_Driver/Src/stm32f4xx_hal_cortex.o
 .debug_macro   0x00021ef7      0x1e4 ./Drivers/STM32F4xx_HAL_Driver/Src/stm32f4xx_hal_gpio.o
 .debug_macro   0x000220db      0x1ea ./Drivers/STM32F4xx_HAL_Driver/Src/stm32f4xx_hal_pcd.o
 .debug_macro   0x000222c5      0x1de ./Drivers/STM32F4xx_HAL_Driver/Src/stm32f4xx_hal_pcd_ex.o
 .debug_macro   0x000224a3      0x202 ./Drivers/STM32F4xx_HAL_Driver/Src/stm32f4xx_hal_rcc.o
 .debug_macro   0x000226a5      0x1de ./Drivers/STM32F4xx_HAL_Driver/Src/stm32f4xx_hal_rcc_ex.o
 .debug_macro   0x00022883      0x1df ./Drivers/STM32F4xx_HAL_Driver/Src/stm32f4xx_hal_uart.o
 .debug_macro   0x00022a62      0x1de ./Drivers/STM32F4xx_HAL_Driver/Src/stm32f4xx_ll_usb.o
 .debug_macro   0x00022c40      0x3d5 ./Middlewares/Third_Party/FreeRTOS/Source/CMSIS_RTOS_V2/cmsis_os2.o
 .debug_macro   0x00023015       0x10 ./Middlewares/Third_Party/FreeRTOS/Source/CMSIS_RTOS_V2/cmsis_os2.o
 .debug_macro   0x00023025       0xf5 ./Middlewares/Third_Party/FreeRTOS/Source/CMSIS_RTOS_V2/cmsis_os2.o
 .debug_macro   0x0002311a       0x91 ./Middlewares/Third_Party/FreeRTOS/Source/CMSIS_RTOS_V2/cmsis_os2.o
 .debug_macro   0x000231ab       0x8d ./Middlewares/Third_Party/FreeRTOS/Source/CMSIS_RTOS_V2/cmsis_os2.o
 .debug_macro   0x00023238       0x9a ./Middlewares/Third_Party/FreeRTOS/Source/CMSIS_RTOS_V2/cmsis_os2.o
 .debug_macro   0x000232d2       0x22 ./Middlewares/Third_Party/FreeRTOS/Source/CMSIS_RTOS_V2/cmsis_os2.o
 .debug_macro   0x000232f4       0x56 ./Middlewares/Third_Party/FreeRTOS/Source/CMSIS_RTOS_V2/cmsis_os2.o
 .debug_macro   0x0002334a      0x187 ./Middlewares/Third_Party/FreeRTOS/Source/list.o
 .debug_macro   0x000234d1      0x216 ./Middlewares/Third_Party/FreeRTOS/Source/queue.o
 .debug_macro   0x000236e7       0x16 ./Middlewares/Third_Party/FreeRTOS/Source/queue.o
 .debug_macro   0x000236fd       0x87 ./Middlewares/Third_Party/FreeRTOS/Source/queue.o
 .debug_macro   0x00023784      0x27f ./Middlewares/Third_Party/FreeRTOS/Source/tasks.o
 .debug_macro   0x00023a03       0x10 ./Middlewares/Third_Party/FreeRTOS/Source/tasks.o
 .debug_macro   0x00023a13      0x1dc ./Middlewares/Third_Party/FreeRTOS/Source/timers.o
 .debug_macro   0x00023bef       0x97 ./Middlewares/Third_Party/FreeRTOS/Source/timers.o
 .debug_macro   0x00023c86      0x196 ./Middlewares/Third_Party/FreeRTOS/Source/portable/GCC/ARM_CM4F/port.o
 .debug_macro   0x00023e1c      0x1ae ./Middlewares/Third_Party/FreeRTOS/Source/portable/MemMang/heap_4.o

.debug_line     0x00000000    0x16f41
 .debug_line    0x00000000      0xae6 ./Core/Src/freertos.o
 .debug_line    0x00000ae6      0x790 ./Core/Src/gpio.o
 .debug_line    0x00001276      0x94f ./Core/Src/main.o
 .debug_line    0x00001bc5      0x75d ./Core/Src/stm32f4xx_hal_msp.o
 .debug_line    0x00002322      0x905 ./Core/Src/stm32f4xx_it.o
 .debug_line    0x00002c27      0x7e1 ./Core/Src/system_stm32f4xx.o
 .debug_line    0x00003408      0x7c6 ./Core/Src/usart.o
 .debug_line    0x00003bce      0x7ed ./Core/Src/usb_otg.o
 .debug_line    0x000043bb       0x7a ./Core/Startup/startup_stm32f446zetx.o
 .debug_line    0x00004435      0xa4a ./Drivers/STM32F4xx_HAL_Driver/Src/stm32f4xx_hal.o
 .debug_line    0x00004e7f      0xd3c ./Drivers/STM32F4xx_HAL_Driver/Src/stm32f4xx_hal_cortex.o
 .debug_line    0x00005bbb      0xbc2 ./Drivers/STM32F4xx_HAL_Driver/Src/stm32f4xx_hal_gpio.o
 .debug_line    0x0000677d     0x1558 ./Drivers/STM32F4xx_HAL_Driver/Src/stm32f4xx_hal_pcd.o
 .debug_line    0x00007cd5      0x87e ./Drivers/STM32F4xx_HAL_Driver/Src/stm32f4xx_hal_pcd_ex.o
 .debug_line    0x00008553      0xde1 ./Drivers/STM32F4xx_HAL_Driver/Src/stm32f4xx_hal_rcc.o
 .debug_line    0x00009334     0x1451 ./Drivers/STM32F4xx_HAL_Driver/Src/stm32f4xx_hal_rcc_ex.o
 .debug_line    0x0000a785     0x291c ./Drivers/STM32F4xx_HAL_Driver/Src/stm32f4xx_hal_uart.o
 .debug_line    0x0000d0a1     0x1e13 ./Drivers/STM32F4xx_HAL_Driver/Src/stm32f4xx_ll_usb.o
 .debug_line    0x0000eeb4     0x2387 ./Middlewares/Third_Party/FreeRTOS/Source/CMSIS_RTOS_V2/cmsis_os2.o
 .debug_line    0x0001123b      0x78c ./Middlewares/Third_Party/FreeRTOS/Source/list.o
 .debug_line    0x000119c7     0x1756 ./Middlewares/Third_Party/FreeRTOS/Source/queue.o
 .debug_line    0x0001311d     0x1e28 ./Middlewares/Third_Party/FreeRTOS/Source/tasks.o
 .debug_line    0x00014f45      0xe14 ./Middlewares/Third_Party/FreeRTOS/Source/timers.o
 .debug_line    0x00015d59      0x831 ./Middlewares/Third_Party/FreeRTOS/Source/portable/GCC/ARM_CM4F/port.o
 .debug_line    0x0001658a      0x9b7 ./Middlewares/Third_Party/FreeRTOS/Source/portable/MemMang/heap_4.o

.debug_str      0x00000000    0xd4c2c
 .debug_str     0x00000000    0xcbd2a ./Core/Src/freertos.o
                              0xcc08d (size before relaxing)
 .debug_str     0x000cbd2a      0x1fb ./Core/Src/gpio.o
                              0xc3cda (size before relaxing)
 .debug_str     0x000cbf25      0x20c ./Core/Src/main.o
                              0xc8814 (size before relaxing)
 .debug_str     0x000cc131      0x54d ./Core/Src/stm32f4xx_hal_msp.o
                              0xc415d (size before relaxing)
 .debug_str     0x000cc67e       0xd9 ./Core/Src/stm32f4xx_it.o
                              0xc7949 (size before relaxing)
 .debug_str     0x000cc757       0xdb ./Core/Src/system_stm32f4xx.o
                              0xc39d6 (size before relaxing)
 .debug_str     0x000cc832       0x61 ./Core/Src/usart.o
                              0xc4197 (size before relaxing)
 .debug_str     0x000cc893      0x590 ./Core/Src/usb_otg.o
                              0xc4335 (size before relaxing)
 .debug_str     0x000cce23       0x44 ./Core/Startup/startup_stm32f446zetx.o
                                 0x7b (size before relaxing)
 .debug_str     0x000cce67      0x617 ./Drivers/STM32F4xx_HAL_Driver/Src/stm32f4xx_hal.o
                              0xc459b (size before relaxing)
 .debug_str     0x000cd47e      0x389 ./Drivers/STM32F4xx_HAL_Driver/Src/stm32f4xx_hal_cortex.o
                              0xc42f2 (size before relaxing)
 .debug_str     0x000cd807      0x121 ./Drivers/STM32F4xx_HAL_Driver/Src/stm32f4xx_hal_gpio.o
                              0xc3b51 (size before relaxing)
 .debug_str     0x000cd928      0x836 ./Drivers/STM32F4xx_HAL_Driver/Src/stm32f4xx_hal_pcd.o
                              0xc44e7 (size before relaxing)
 .debug_str     0x000ce15e      0x12d ./Drivers/STM32F4xx_HAL_Driver/Src/stm32f4xx_hal_pcd_ex.o
                              0xc3de9 (size before relaxing)
 .debug_str     0x000ce28b      0x21f ./Drivers/STM32F4xx_HAL_Driver/Src/stm32f4xx_hal_rcc.o
                              0xc3e0f (size before relaxing)
 .debug_str     0x000ce4aa      0x19d ./Drivers/STM32F4xx_HAL_Driver/Src/stm32f4xx_hal_rcc_ex.o
                              0xc3e42 (size before relaxing)
 .debug_str     0x000ce647      0x652 ./Drivers/STM32F4xx_HAL_Driver/Src/stm32f4xx_hal_uart.o
                              0xc43c6 (size before relaxing)
 .debug_str     0x000cec99      0x4a7 ./Drivers/STM32F4xx_HAL_Driver/Src/stm32f4xx_ll_usb.o
                              0xc43a3 (size before relaxing)
 .debug_str     0x000cf140     0x2f8b ./Middlewares/Third_Party/FreeRTOS/Source/CMSIS_RTOS_V2/cmsis_os2.o
                              0xce5fa (size before relaxing)
 .debug_str     0x000d20cb      0x20f ./Middlewares/Third_Party/FreeRTOS/Source/list.o
                               0xaae2 (size before relaxing)
 .debug_str     0x000d22da      0x892 ./Middlewares/Third_Party/FreeRTOS/Source/queue.o
                               0xc622 (size before relaxing)
 .debug_str     0x000d2b6c     0x106a ./Middlewares/Third_Party/FreeRTOS/Source/tasks.o
                               0xd0df (size before relaxing)
 .debug_str     0x000d3bd6      0x5af ./Middlewares/Third_Party/FreeRTOS/Source/timers.o
                               0xcb54 (size before relaxing)
 .debug_str     0x000d4185      0x783 ./Middlewares/Third_Party/FreeRTOS/Source/portable/GCC/ARM_CM4F/port.o
                               0x872b (size before relaxing)
 .debug_str     0x000d4908      0x324 ./Middlewares/Third_Party/FreeRTOS/Source/portable/MemMang/heap_4.o
                               0xb424 (size before relaxing)

.comment        0x00000000       0x43
 .comment       0x00000000       0x43 ./Core/Src/freertos.o
                                 0x44 (size before relaxing)
 .comment       0x00000043       0x44 ./Core/Src/gpio.o
 .comment       0x00000043       0x44 ./Core/Src/main.o
 .comment       0x00000043       0x44 ./Core/Src/stm32f4xx_hal_msp.o
 .comment       0x00000043       0x44 ./Core/Src/stm32f4xx_it.o
 .comment       0x00000043       0x44 ./Core/Src/system_stm32f4xx.o
 .comment       0x00000043       0x44 ./Core/Src/usart.o
 .comment       0x00000043       0x44 ./Core/Src/usb_otg.o
 .comment       0x00000043       0x44 ./Drivers/STM32F4xx_HAL_Driver/Src/stm32f4xx_hal.o
 .comment       0x00000043       0x44 ./Drivers/STM32F4xx_HAL_Driver/Src/stm32f4xx_hal_cortex.o
 .comment       0x00000043       0x44 ./Drivers/STM32F4xx_HAL_Driver/Src/stm32f4xx_hal_gpio.o
 .comment       0x00000043       0x44 ./Drivers/STM32F4xx_HAL_Driver/Src/stm32f4xx_hal_pcd.o
 .comment       0x00000043       0x44 ./Drivers/STM32F4xx_HAL_Driver/Src/stm32f4xx_hal_pcd_ex.o
 .comment       0x00000043       0x44 ./Drivers/STM32F4xx_HAL_Driver/Src/stm32f4xx_hal_rcc.o
 .comment       0x00000043       0x44 ./Drivers/STM32F4xx_HAL_Driver/Src/stm32f4xx_hal_rcc_ex.o
 .comment       0x00000043       0x44 ./Drivers/STM32F4xx_HAL_Driver/Src/stm32f4xx_hal_uart.o
 .comment       0x00000043       0x44 ./Drivers/STM32F4xx_HAL_Driver/Src/stm32f4xx_ll_usb.o
 .comment       0x00000043       0x44 ./Middlewares/Third_Party/FreeRTOS/Source/CMSIS_RTOS_V2/cmsis_os2.o
 .comment       0x00000043       0x44 ./Middlewares/Third_Party/FreeRTOS/Source/list.o
 .comment       0x00000043       0x44 ./Middlewares/Third_Party/FreeRTOS/Source/queue.o
 .comment       0x00000043       0x44 ./Middlewares/Third_Party/FreeRTOS/Source/tasks.o
 .comment       0x00000043       0x44 ./Middlewares/Third_Party/FreeRTOS/Source/timers.o
 .comment       0x00000043       0x44 ./Middlewares/Third_Party/FreeRTOS/Source/portable/GCC/ARM_CM4F/port.o
 .comment       0x00000043       0x44 ./Middlewares/Third_Party/FreeRTOS/Source/portable/MemMang/heap_4.o

.debug_frame    0x00000000     0x4c00
 .debug_frame   0x00000000       0x94 ./Core/Src/freertos.o
 .debug_frame   0x00000094       0x34 ./Core/Src/gpio.o
 .debug_frame   0x000000c8       0x68 ./Core/Src/main.o
 .debug_frame   0x00000130       0x34 ./Core/Src/stm32f4xx_hal_msp.o
 .debug_frame   0x00000164       0xc4 ./Core/Src/stm32f4xx_it.o
 .debug_frame   0x00000228       0x58 ./Core/Src/system_stm32f4xx.o
 .debug_frame   0x00000280       0x74 ./Core/Src/usart.o
 .debug_frame   0x000002f4       0x78 ./Core/Src/usb_otg.o
 .debug_frame   0x0000036c      0x374 ./Drivers/STM32F4xx_HAL_Driver/Src/stm32f4xx_hal.o
 .debug_frame   0x000006e0      0x508 ./Drivers/STM32F4xx_HAL_Driver/Src/stm32f4xx_hal_cortex.o
 .debug_frame   0x00000be8      0x14c ./Drivers/STM32F4xx_HAL_Driver/Src/stm32f4xx_hal_gpio.o
 .debug_frame   0x00000d34      0x5b8 ./Drivers/STM32F4xx_HAL_Driver/Src/stm32f4xx_hal_pcd.o
 .debug_frame   0x000012ec      0x100 ./Drivers/STM32F4xx_HAL_Driver/Src/stm32f4xx_hal_pcd_ex.o
 .debug_frame   0x000013ec      0x1f4 ./Drivers/STM32F4xx_HAL_Driver/Src/stm32f4xx_hal_rcc.o
 .debug_frame   0x000015e0      0x1e8 ./Drivers/STM32F4xx_HAL_Driver/Src/stm32f4xx_hal_rcc_ex.o
 .debug_frame   0x000017c8      0x954 ./Drivers/STM32F4xx_HAL_Driver/Src/stm32f4xx_hal_uart.o
 .debug_frame   0x0000211c      0x7c0 ./Drivers/STM32F4xx_HAL_Driver/Src/stm32f4xx_ll_usb.o
 .debug_frame   0x000028dc      0xbc8 ./Middlewares/Third_Party/FreeRTOS/Source/CMSIS_RTOS_V2/cmsis_os2.o
 .debug_frame   0x000034a4       0xd8 ./Middlewares/Third_Party/FreeRTOS/Source/list.o
 .debug_frame   0x0000357c      0x5ec ./Middlewares/Third_Party/FreeRTOS/Source/queue.o
 .debug_frame   0x00003b68      0x8f0 ./Middlewares/Third_Party/FreeRTOS/Source/tasks.o
 .debug_frame   0x00004458      0x400 ./Middlewares/Third_Party/FreeRTOS/Source/timers.o
 .debug_frame   0x00004858      0x1a8 ./Middlewares/Third_Party/FreeRTOS/Source/portable/GCC/ARM_CM4F/port.o
 .debug_frame   0x00004a00      0x12c ./Middlewares/Third_Party/FreeRTOS/Source/portable/MemMang/heap_4.o
 .debug_frame   0x00004b2c       0x20 C:/ST/STM32CubeIDE_1.17.0/STM32CubeIDE/plugins/com.st.stm32cube.ide.mcu.externaltools.gnu-tools-for-stm32.12.3.rel1.win32_1.1.0.202410251130/tools/bin/../lib/gcc/arm-none-eabi/12.3.1/../../../../arm-none-eabi/lib/thumb/v7e-m+fp/hard\libc_nano.a(libc_a-memset.o)
 .debug_frame   0x00004b4c       0x2c C:/ST/STM32CubeIDE_1.17.0/STM32CubeIDE/plugins/com.st.stm32cube.ide.mcu.externaltools.gnu-tools-for-stm32.12.3.rel1.win32_1.1.0.202410251130/tools/bin/../lib/gcc/arm-none-eabi/12.3.1/../../../../arm-none-eabi/lib/thumb/v7e-m+fp/hard\libc_nano.a(libc_a-init.o)
 .debug_frame   0x00004b78       0x28 C:/ST/STM32CubeIDE_1.17.0/STM32CubeIDE/plugins/com.st.stm32cube.ide.mcu.externaltools.gnu-tools-for-stm32.12.3.rel1.win32_1.1.0.202410251130/tools/bin/../lib/gcc/arm-none-eabi/12.3.1/../../../../arm-none-eabi/lib/thumb/v7e-m+fp/hard\libc_nano.a(libc_a-memcpy-stub.o)
 .debug_frame   0x00004ba0       0x2c C:/ST/STM32CubeIDE_1.17.0/STM32CubeIDE/plugins/com.st.stm32cube.ide.mcu.externaltools.gnu-tools-for-stm32.12.3.rel1.win32_1.1.0.202410251130/tools/bin/../lib/gcc/arm-none-eabi/12.3.1/thumb/v7e-m+fp/hard\libgcc.a(_aeabi_uldivmod.o)
 .debug_frame   0x00004bcc       0x34 C:/ST/STM32CubeIDE_1.17.0/STM32CubeIDE/plugins/com.st.stm32cube.ide.mcu.externaltools.gnu-tools-for-stm32.12.3.rel1.win32_1.1.0.202410251130/tools/bin/../lib/gcc/arm-none-eabi/12.3.1/thumb/v7e-m+fp/hard\libgcc.a(_udivmoddi4.o)

.debug_line_str
                0x00000000       0x5f
 .debug_line_str
                0x00000000       0x5f ./Core/Startup/startup_stm32f446zetx.o
