22:21:53 **** Incremental Build of configuration Debug for project Master1_Project ****
make -j16 all 
arm-none-eabi-gcc "../Core/Src/freertos.c" -mcpu=cortex-m4 -std=gnu11 -g3 -DDEBUG -DUSE_HAL_DRIVER -DSTM32F446xx -c -I../Core/Inc -I../Drivers/STM32F4xx_HAL_Driver/Inc -I../Drivers/STM32F4xx_HAL_Driver/Inc/Legacy -I../Drivers/CMSIS/Device/ST/STM32F4xx/Include -I../Drivers/CMSIS/Include -I../Middlewares/Third_Party/FreeRTOS/Source/include -I../Middlewares/Third_Party/FreeRTOS/Source/CMSIS_RTOS_V2 -I../Middlewares/Third_Party/FreeRTOS/Source/portable/GCC/ARM_CM4F -O0 -ffunction-sections -fdata-sections -Wall -fstack-usage -fcyclomatic-complexity -MMD -MP -MF"Core/Src/freertos.d" -MT"Core/Src/freertos.o" --specs=nano.specs -mfpu=fpv4-sp-d16 -mfloat-abi=hard -mthumb -o "Core/Src/freertos.o"
arm-none-eabi-gcc -o "Master1_Project.elf" @"objects.list"   -mcpu=cortex-m4 -T"C:\Users\jujux\STM32CubeIDE\workspace_1.17.0\Master1_Project\STM32F446ZETX_FLASH.ld" --specs=nosys.specs -Wl,-Map="Master1_Project.map" -Wl,--gc-sections -static --specs=nano.specs -mfpu=fpv4-sp-d16 -mfloat-abi=hard -mthumb -Wl,--start-group -lc -lm -Wl,--end-group
Finished building target: Master1_Project.elf
 
arm-none-eabi-size  Master1_Project.elf 
arm-none-eabi-objdump -h -S Master1_Project.elf  > "Master1_Project.list"
   text	   data	    bss	    dec	    hex	filename
  38240	    108	  22156	  60504	   ec58	Master1_Project.elf
Finished building: default.size.stdout
 
Finished building: Master1_Project.list
 
22:21:58 **** Incremental Build of configuration Debug for project Master1_Project ****
make -j16 all 
arm-none-eabi-size  Master1_Project.elf 
   text	   data	    bss	    dec	    hex	filename
  38240	    108	  22156	  60504	   ec58	Master1_Project.elf
Finished building: default.size.stdout
 
22:22:27 **** Incremental Build of configuration Debug for project Master1_Project ****
make -j16 all 
arm-none-eabi-size  Master1_Project.elf 
   text	   data	    bss	    dec	    hex	filename
  38240	    108	  22156	  60504	   ec58	Master1_Project.elf
Finished building: default.size.stdout
 
